
Discarded input sections

 .text          0x0000000000000000        0x0 build/start-th1520.o
 .data          0x0000000000000000        0x0 build/start-th1520.o
 .bss           0x0000000000000000        0x0 build/start-th1520.o
 .text          0x0000000000000000        0x0 build/runtime_boot-th1520.o
 .data          0x0000000000000000        0x0 build/runtime_boot-th1520.o
 .bss           0x0000000000000000        0x0 build/runtime_boot-th1520.o
 .text.frt_fb_rect_to
                0x0000000000000000       0x30 build/runtime_boot-th1520.o
 .text.frt_array_count
                0x0000000000000000       0x20 build/runtime_boot-th1520.o
 .text.frt_array_elements
                0x0000000000000000       0x20 build/runtime_boot-th1520.o
 .text.frt_string_length
                0x0000000000000000       0x20 build/runtime_boot-th1520.o
 .text.frt_screen_scene_count
                0x0000000000000000       0x28 build/runtime_boot-th1520.o
 .text.frt_screen_scene_elements
                0x0000000000000000       0x28 build/runtime_boot-th1520.o
 .text.frt_screen_scene_word_is_object
                0x0000000000000000       0x58 build/runtime_boot-th1520.o
 .text.frt_screen_scene_total_count_from_word
                0x0000000000000000       0x76 build/runtime_boot-th1520.o
 .text.frt_new_array
                0x0000000000000000       0x44 build/runtime_boot-th1520.o
 .text.frt_screen_object_unpack
                0x0000000000000000       0x7a build/runtime_boot-th1520.o
 .text.frt_screen_scene_unpack_from_word
                0x0000000000000000       0x94 build/runtime_boot-th1520.o
 .text.frt_require_string
                0x0000000000000000       0x20 build/runtime_boot-th1520.o
 .text.frt_draw_glyph_to.constprop.0
                0x0000000000000000       0x8c build/runtime_boot-th1520.o
 .text.frt_screen_draw_object_to
                0x0000000000000000      0x170 build/runtime_boot-th1520.o
 .text.__calynda_rt_debug_word
                0x0000000000000000       0x62 build/runtime_boot-th1520.o
 .text.__calynda_rt_debug_object
                0x0000000000000000       0x9c build/runtime_boot-th1520.o
 .text.__calynda_rt_cast_value
                0x0000000000000000       0xa8 build/runtime_boot-th1520.o
 .rodata.__calynda_rt_cast_value
                0x0000000000000000       0x2c build/runtime_boot-th1520.o
 .text.__calynda_rt_screen_demo_hold
                0x0000000000000000      0x2f4 build/runtime_boot-th1520.o
 .text.__calynda_rt_scratch_mark
                0x0000000000000000       0x18 build/runtime_boot-th1520.o
 .text.__calynda_rt_screen_draw_object
                0x0000000000000000       0x22 build/runtime_boot-th1520.o
 .text.__calynda_rt_screen_clear_object
                0x0000000000000000       0x38 build/runtime_boot-th1520.o
 .text.__calynda_rt_screen_make_text
                0x0000000000000000       0x6e build/runtime_boot-th1520.o
 .text.__calynda_rt_fb_border
                0x0000000000000000       0xa0 build/runtime_boot-th1520.o
 .text.__calynda_rt_fb_draw_row_markers
                0x0000000000000000       0x52 build/runtime_boot-th1520.o
 .text.__calynda_rt_fb_draw_col_markers
                0x0000000000000000       0x52 build/runtime_boot-th1520.o
 .text.__calynda_rt_draw_probe_label
                0x0000000000000000       0x80 build/runtime_boot-th1520.o
 .text.__calynda_rt_member_load
                0x0000000000000000       0xa0 build/runtime_boot-th1520.o
 .text.__calynda_rt_index_load
                0x0000000000000000       0x94 build/runtime_boot-th1520.o
 .text.__calynda_rt_array_literal
                0x0000000000000000        0x8 build/runtime_boot-th1520.o
 .text.__calynda_rt_hetero_array_new
                0x0000000000000000       0x4a build/runtime_boot-th1520.o
 .text.__calynda_rt_hetero_array_get_tag
                0x0000000000000000       0x42 build/runtime_boot-th1520.o
 .text.__calynda_rt_array_car
                0x0000000000000000       0x40 build/runtime_boot-th1520.o
 .text.__calynda_rt_array_cdr
                0x0000000000000000       0x60 build/runtime_boot-th1520.o
 .text.__calynda_rt_string_cdr
                0x0000000000000000       0x9a build/runtime_boot-th1520.o
 .text.__calynda_rt_store_index
                0x0000000000000000       0x5c build/runtime_boot-th1520.o
 .text.calynda_rt_callable_dispatch
                0x0000000000000000        0xe build/runtime_boot-th1520.o
 .text.__calynda_deref
                0x0000000000000000       0x24 build/runtime_boot-th1520.o
 .text.__calynda_deref_sized
                0x0000000000000000       0x2a build/runtime_boot-th1520.o
 .text.__calynda_mmio_deref
                0x0000000000000000        0x4 build/runtime_boot-th1520.o
 .text.__calynda_addr
                0x0000000000000000        0x2 build/runtime_boot-th1520.o
 .text.__calynda_offset
                0x0000000000000000        0x6 build/runtime_boot-th1520.o
 .text.__calynda_store
                0x0000000000000000       0x22 build/runtime_boot-th1520.o
 .text.__calynda_mmio_store
                0x0000000000000000        0x4 build/runtime_boot-th1520.o
 .text.__calynda_store_sized
                0x0000000000000000       0x28 build/runtime_boot-th1520.o
 .text.__calynda_rt_cache_clean
                0x0000000000000000        0x6 build/runtime_boot-th1520.o
 .text.__calynda_rt_cache_final
                0x0000000000000000        0x6 build/runtime_boot-th1520.o
 .rodata.CSWTCH.73
                0x0000000000000000      0x200 build/runtime_boot-th1520.o
 .rodata.DIGITS.0
                0x0000000000000000       0x1c build/runtime_boot-th1520.o
 .rodata.LETTERS.1
                0x0000000000000000       0x38 build/runtime_boot-th1520.o
 .srodata.QUESTION.5
                0x0000000000000000        0x7 build/runtime_boot-th1520.o
 .srodata.UNDERSCORE.6
                0x0000000000000000        0x7 build/runtime_boot-th1520.o
 .srodata.RPAREN.7
                0x0000000000000000        0x7 build/runtime_boot-th1520.o
 .srodata.LPAREN.8
                0x0000000000000000        0x7 build/runtime_boot-th1520.o
 .srodata.SLASH.9
                0x0000000000000000        0x7 build/runtime_boot-th1520.o
 .srodata.PLUS.10
                0x0000000000000000        0x7 build/runtime_boot-th1520.o
 .srodata.DASH.11
                0x0000000000000000        0x7 build/runtime_boot-th1520.o
 .srodata.SEMICOLON.12
                0x0000000000000000        0x7 build/runtime_boot-th1520.o
 .srodata.COLON.13
                0x0000000000000000        0x7 build/runtime_boot-th1520.o
 .srodata.COMMA.14
                0x0000000000000000        0x7 build/runtime_boot-th1520.o
 .srodata.PERIOD.15
                0x0000000000000000        0x7 build/runtime_boot-th1520.o
 .srodata.EXCLAMATION.16
                0x0000000000000000        0x7 build/runtime_boot-th1520.o
 .srodata.SPACE.17
                0x0000000000000000        0x7 build/runtime_boot-th1520.o
 .rodata.DIGITS.18
                0x0000000000000000       0x46 build/runtime_boot-th1520.o
 .rodata.LETTERS.19
                0x0000000000000000       0xb6 build/runtime_boot-th1520.o
 .comment       0x0000000000000000       0x20 build/runtime_boot-th1520.o
 .note.GNU-stack
                0x0000000000000000        0x0 build/runtime_boot-th1520.o
 .text          0x0000000000000000        0x0 build/usb_hid-th1520.o
 .data          0x0000000000000000        0x0 build/usb_hid-th1520.o
 .bss           0x0000000000000000        0x0 build/usb_hid-th1520.o
 .comment       0x0000000000000000       0x20 build/usb_hid-th1520.o
 .note.GNU-stack
                0x0000000000000000        0x0 build/usb_hid-th1520.o
 .text          0x0000000000000000        0x0 build/controller_demo-th1520.o
 .bss           0x0000000000000000        0x0 build/controller_demo-th1520.o
 .text.calynda_unit_while_nlr0
                0x0000000000000000       0x6e build/controller_demo-th1520.o
 .text.calynda_unit_while_lambda1
                0x0000000000000000       0x24 build/controller_demo-th1520.o
 .text.calynda_unit_fb_write_pixel
                0x0000000000000000       0x9e build/controller_demo-th1520.o
 .text.calynda_unit_fb_rect_span_lambda2
                0x0000000000000000       0x5c build/controller_demo-th1520.o
 .text.calynda_unit_fb_rect_span_nlr3
                0x0000000000000000       0xe6 build/controller_demo-th1520.o
 .text.calynda_unit_fb_rect_span
                0x0000000000000000       0x2a build/controller_demo-th1520.o
 .text.calynda_unit_fb_rect_lambda4
                0x0000000000000000       0x86 build/controller_demo-th1520.o
 .text.calynda_unit_fb_rect_nlr5
                0x0000000000000000      0x13e build/controller_demo-th1520.o
 .text.calynda_unit_thead_dcache_clean_range_lambda6
                0x0000000000000000       0x86 build/controller_demo-th1520.o
 .text.calynda_unit_thead_dcache_clean_range_nlr7
                0x0000000000000000       0xd6 build/controller_demo-th1520.o
 .text.calynda_unit_forRange_lambda44
                0x0000000000000000       0x96 build/controller_demo-th1520.o
 .text.calynda_unit_forRange
                0x0000000000000000       0x5c build/controller_demo-th1520.o
 .text.calynda_unit_hdmi_program_identity_csc_lambda51_lambda52
                0x0000000000000000      0x2bc build/controller_demo-th1520.o
 .text.calynda_unit_hdmi_program_identity_csc_lambda51
                0x0000000000000000       0x76 build/controller_demo-th1520.o
 .text.calynda_unit_hdmi_clear_overflow_lambda53
                0x0000000000000000       0x96 build/controller_demo-th1520.o
 .text.calynda_unit_hold_scanout
                0x0000000000000000        0x4 build/controller_demo-th1520.o
 .text.calynda_unit_boot
                0x0000000000000000       0x48 build/controller_demo-th1520.o
 .text._start   0x0000000000000000       0x10 build/controller_demo-th1520.o
 .text.calynda_closure_while_nlr0
                0x0000000000000000       0x20 build/controller_demo-th1520.o
 .text.calynda_closure_while_lambda1
                0x0000000000000000       0x20 build/controller_demo-th1520.o
 .text.calynda_closure_fb_rect_span_lambda2
                0x0000000000000000       0x20 build/controller_demo-th1520.o
 .text.calynda_closure_fb_rect_span_nlr3
                0x0000000000000000       0x20 build/controller_demo-th1520.o
 .text.calynda_closure_fb_rect_lambda4
                0x0000000000000000       0x20 build/controller_demo-th1520.o
 .text.calynda_closure_fb_rect_nlr5
                0x0000000000000000       0x20 build/controller_demo-th1520.o
 .text.calynda_closure_thead_dcache_clean_range_lambda6
                0x0000000000000000       0x20 build/controller_demo-th1520.o
 .text.calynda_closure_thead_dcache_clean_range_nlr7
                0x0000000000000000       0x20 build/controller_demo-th1520.o
 .text.calynda_closure_forRange_lambda44
                0x0000000000000000       0x20 build/controller_demo-th1520.o
 .text.calynda_closure_hdmi_program_identity_csc_lambda51_lambda52
                0x0000000000000000       0x24 build/controller_demo-th1520.o
 .text.calynda_closure_hdmi_program_identity_csc_lambda51
                0x0000000000000000       0x24 build/controller_demo-th1520.o
 .text.calynda_closure_hdmi_clear_overflow_lambda53
                0x0000000000000000       0x24 build/controller_demo-th1520.o
 .note.GNU-stack
                0x0000000000000000        0x0 build/controller_demo-th1520.o

Memory Configuration

Name             Origin             Length             Attributes
ram              0x0000000004000000 0x0000000008000000 xrw
*default*        0x0000000000000000 0xffffffffffffffff

Linker script and memory map

                0x0000000004000000                . = ORIGIN (ram)

.text           0x0000000004000000     0xd6fc
 *(.text.start)
 .text.start    0x0000000004000000      0x1fa build/start-th1520.o
                0x0000000004000000                _start_baremetal
                0x000000000400017e                __calynda_rt_boot_probe
 *(.text .text.*)
 .text.frt_uart_putc
                0x00000000040001fa       0x20 build/runtime_boot-th1520.o
 .text.frt_uart_puthex64
                0x000000000400021a       0x40 build/runtime_boot-th1520.o
 .text.frt_debug_take_slot
                0x000000000400025a       0x18 build/runtime_boot-th1520.o
 .text.frt_debug_store
                0x0000000004000272       0x2e build/runtime_boot-th1520.o
 .text.frt_as_object
                0x00000000040002a0       0x14 build/runtime_boot-th1520.o
 .text.frt_cache_clean_range
                0x00000000040002b4       0x1a build/runtime_boot-th1520.o
 .text.frt_is_boot_heap_word
                0x00000000040002ce       0x26 build/runtime_boot-th1520.o
 .text.frt_fail
                0x00000000040002f4       0x3c build/runtime_boot-th1520.o
 .text.frt_alloc_bytes
                0x0000000004000330       0x4e build/runtime_boot-th1520.o
 .text.frt_copy_words
                0x000000000400037e       0x38 build/runtime_boot-th1520.o
 .text.__calynda_rt_debug_pair
                0x00000000040003b6       0x74 build/runtime_boot-th1520.o
                0x00000000040003b6                __calynda_rt_debug_pair
 .text.__calynda_rt_boot_probe_c
                0x000000000400042a       0x68 build/runtime_boot-th1520.o
                0x000000000400042a                __calynda_rt_boot_probe_c
 .text.__calynda_rt_cache_clean_range
                0x0000000004000492        0x2 build/runtime_boot-th1520.o
                0x0000000004000492                __calynda_rt_cache_clean_range
 .text.__calynda_rt_hdmi_program_identity_csc
                0x0000000004000494       0xa6 build/runtime_boot-th1520.o
                0x0000000004000494                __calynda_rt_hdmi_program_identity_csc
 .text.__calynda_rt_hdmi_clear_overflow
                0x000000000400053a       0x36 build/runtime_boot-th1520.o
                0x000000000400053a                __calynda_rt_hdmi_clear_overflow
 .text.__calynda_rt_closure_new
                0x0000000004000570       0x4c build/runtime_boot-th1520.o
                0x0000000004000570                __calynda_rt_closure_new
 .text.__calynda_rt_call_callable
                0x00000000040005bc       0x88 build/runtime_boot-th1520.o
                0x00000000040005bc                __calynda_rt_call_callable
 .text.__calynda_rt_cell_alloc
                0x0000000004000644       0x28 build/runtime_boot-th1520.o
                0x0000000004000644                __calynda_rt_cell_alloc
 .text.__calynda_rt_cell_read
                0x000000000400066c        0x4 build/runtime_boot-th1520.o
                0x000000000400066c                __calynda_rt_cell_read
 .text.__calynda_rt_cell_write
                0x0000000004000670        0x6 build/runtime_boot-th1520.o
                0x0000000004000670                __calynda_rt_cell_write
 .text.__calynda_rt_nlr_push
                0x0000000004000676       0x38 build/runtime_boot-th1520.o
                0x0000000004000676                __calynda_rt_nlr_push
 .text.__calynda_rt_nlr_invoke
                0x00000000040006ae        0xc build/runtime_boot-th1520.o
                0x00000000040006ae                __calynda_rt_nlr_invoke
 .text.__calynda_rt_nlr_check_pop
                0x00000000040006ba       0x28 build/runtime_boot-th1520.o
                0x00000000040006ba                __calynda_rt_nlr_check_pop
 .text.__calynda_rt_nlr_get_value
                0x00000000040006e2        0xa build/runtime_boot-th1520.o
                0x00000000040006e2                __calynda_rt_nlr_get_value
 .text.__calynda_mmio_deref_sized
                0x00000000040006ec       0x66 build/runtime_boot-th1520.o
                0x00000000040006ec                __calynda_mmio_deref_sized
 .text.__calynda_offset_stride
                0x0000000004000752        0x8 build/runtime_boot-th1520.o
                0x0000000004000752                __calynda_offset_stride
 .text.__calynda_mmio_store_sized
                0x000000000400075a       0x60 build/runtime_boot-th1520.o
                0x000000000400075a                __calynda_mmio_store_sized
 .text.__calynda_rt_fence
                0x00000000040007ba        0x6 build/runtime_boot-th1520.o
                0x00000000040007ba                __calynda_rt_fence
 .text.usb_clean_range
                0x00000000040007c0       0x1a build/usb_hid-th1520.o
 .text.usb_inv_range
                0x00000000040007da       0x1a build/usb_hid-th1520.o
 .text.usb_delay_us
                0x00000000040007f4       0x1a build/usb_hid-th1520.o
 .text.usb_uart_putc
                0x000000000400080e       0x20 build/usb_hid-th1520.o
 .text.usb_uart_puts
                0x000000000400082e       0x32 build/usb_hid-th1520.o
 .text.usb_uart_puthex8
                0x0000000004000860       0x32 build/usb_hid-th1520.o
 .text.usb_uart_puthex16
                0x0000000004000892       0x1a build/usb_hid-th1520.o
 .text.usb_uart_puthex32
                0x00000000040008ac       0x1e build/usb_hid-th1520.o
 .text.usb_zero
                0x00000000040008ca       0x12 build/usb_hid-th1520.o
 .text.op_read32
                0x00000000040008dc       0x14 build/usb_hid-th1520.o
 .text.op_write32
                0x00000000040008f0       0x18 build/usb_hid-th1520.o
 .text.ir0_write64
                0x0000000004000908       0x32 build/usb_hid-th1520.o
 .text.ep0_push
                0x000000000400093a       0xe8 build/usb_hid-th1520.o
 .text.hid_fb_rect
                0x0000000004000a22       0x34 build/usb_hid-th1520.o
 .text.hid_fb_flush
                0x0000000004000a56       0x1a build/usb_hid-th1520.o
 .text.draw_controller
                0x0000000004000a70      0x2ba build/usb_hid-th1520.o
 .text.wait_cmd_cmpl.constprop.0
                0x0000000004000d2a      0x12c build/usb_hid-th1520.o
 .text.cmd_enqueue.constprop.0
                0x0000000004000e56       0xb8 build/usb_hid-th1520.o
 .text.int_in_rearm
                0x0000000004000f0e       0xf4 build/usb_hid-th1520.o
 .text.ctrl_xfer
                0x0000000004001002      0x27e build/usb_hid-th1520.o
 .text.hub_port_status
                0x0000000004001280       0xa4 build/usb_hid-th1520.o
 .text.get_config_descriptor.constprop.0
                0x0000000004001324       0xd0 build/usb_hid-th1520.o
 .text.enumerate_device
                0x00000000040013f4      0x90c build/usb_hid-th1520.o
 .text.__calynda_rt_usb_init
                0x0000000004001d00      0x6c6 build/usb_hid-th1520.o
                0x0000000004001d00                __calynda_rt_usb_init
 .text.__calynda_rt_usb_classic_buttons
                0x00000000040023c6      0x322 build/usb_hid-th1520.o
                0x00000000040023c6                __calynda_rt_usb_classic_buttons
 .text.__calynda_rt_controller_demo_hold
                0x00000000040026e8      0x11c build/usb_hid-th1520.o
                0x00000000040026e8                __calynda_rt_controller_demo_hold
 .text.calynda_unit_if
                0x0000000004002804       0x82 build/controller_demo-th1520.o
                0x0000000004002804                calynda_unit_if
 .text.calynda_unit_while
                0x0000000004002886       0x2e build/controller_demo-th1520.o
                0x0000000004002886                calynda_unit_while
 .text.calynda_unit_RGB
                0x00000000040028b4       0x52 build/controller_demo-th1520.o
                0x00000000040028b4                calynda_unit_RGB
 .text.calynda_unit_fb_rect
                0x0000000004002906       0x34 build/controller_demo-th1520.o
                0x0000000004002906                calynda_unit_fb_rect
 .text.calynda_unit_fb_fill
                0x000000000400293a       0x6c build/controller_demo-th1520.o
                0x000000000400293a                calynda_unit_fb_fill
 .text.calynda_unit_thead_dcache_clean_range
                0x00000000040029a6       0x10 build/controller_demo-th1520.o
                0x00000000040029a6                calynda_unit_thead_dcache_clean_range
 .text.calynda_unit_delay_us
                0x00000000040029b6       0x16 build/controller_demo-th1520.o
                0x00000000040029b6                calynda_unit_delay_us
 .text.calynda_unit_dpu0_pll_configure_1080p60_lambda40
                0x00000000040029cc      0x136 build/controller_demo-th1520.o
                0x00000000040029cc                calynda_unit_dpu0_pll_configure_1080p60_lambda40
 .text.calynda_unit_dpu0_pll_configure_1080p60_nlr41
                0x0000000004002b02       0x9e build/controller_demo-th1520.o
                0x0000000004002b02                calynda_unit_dpu0_pll_configure_1080p60_nlr41
 .text.calynda_unit_dpu0_pll_configure_1080p60
                0x0000000004002ba0      0xa9e build/controller_demo-th1520.o
                0x0000000004002ba0                calynda_unit_dpu0_pll_configure_1080p60
 .text.calynda_unit_dpu1_pll_configure_1080p60_lambda42
                0x000000000400363e      0x136 build/controller_demo-th1520.o
                0x000000000400363e                calynda_unit_dpu1_pll_configure_1080p60_lambda42
 .text.calynda_unit_dpu1_pll_configure_1080p60_nlr43
                0x0000000004003774       0x9e build/controller_demo-th1520.o
                0x0000000004003774                calynda_unit_dpu1_pll_configure_1080p60_nlr43
 .text.calynda_unit_dpu1_pll_configure_1080p60
                0x0000000004003812      0xa9e build/controller_demo-th1520.o
                0x0000000004003812                calynda_unit_dpu1_pll_configure_1080p60
 .text.calynda_unit_vosys_clk_enable
                0x00000000040042b0      0x9b4 build/controller_demo-th1520.o
                0x00000000040042b0                calynda_unit_vosys_clk_enable
 .text.calynda_unit_hdmi_phy_i2cm_write_once_lambda45
                0x0000000004004c64       0xb2 build/controller_demo-th1520.o
                0x0000000004004c64                calynda_unit_hdmi_phy_i2cm_write_once_lambda45
 .text.calynda_unit_hdmi_phy_i2cm_write_once_nlr46_nlr47
                0x0000000004004d16      0x198 build/controller_demo-th1520.o
                0x0000000004004d16                calynda_unit_hdmi_phy_i2cm_write_once_nlr46_nlr47
 .text.calynda_unit_hdmi_phy_i2cm_write_once_nlr46_lambda48
                0x0000000004004eae       0x66 build/controller_demo-th1520.o
                0x0000000004004eae                calynda_unit_hdmi_phy_i2cm_write_once_nlr46_lambda48
 .text.calynda_unit_hdmi_phy_i2cm_write_once_nlr46
                0x0000000004004f14      0x390 build/controller_demo-th1520.o
                0x0000000004004f14                calynda_unit_hdmi_phy_i2cm_write_once_nlr46
 .text.calynda_unit_hdmi_phy_i2cm_write_once
                0x00000000040052a4      0x702 build/controller_demo-th1520.o
                0x00000000040052a4                calynda_unit_hdmi_phy_i2cm_write_once
 .text.calynda_unit_hdmi_phy_i2cm_write_attempt_nlr49
                0x00000000040059a6       0x58 build/controller_demo-th1520.o
                0x00000000040059a6                calynda_unit_hdmi_phy_i2cm_write_attempt_nlr49
 .text.calynda_unit_hdmi_phy_i2cm_write_attempt_lambda50
                0x00000000040059fe       0x24 build/controller_demo-th1520.o
                0x00000000040059fe                calynda_unit_hdmi_phy_i2cm_write_attempt_lambda50
 .text.calynda_unit_hdmi_phy_i2cm_write_attempt
                0x0000000004005a22      0x332 build/controller_demo-th1520.o
                0x0000000004005a22                calynda_unit_hdmi_phy_i2cm_write_attempt
 .text.calynda_unit_hdmi_phy_i2cm_write
                0x0000000004005d54       0x46 build/controller_demo-th1520.o
                0x0000000004005d54                calynda_unit_hdmi_phy_i2cm_write
 .text.calynda_unit_hdmi_program_identity_csc
                0x0000000004005d9a       0x10 build/controller_demo-th1520.o
                0x0000000004005d9a                calynda_unit_hdmi_program_identity_csc
 .text.calynda_unit_hdmi_clear_overflow
                0x0000000004005daa       0x10 build/controller_demo-th1520.o
                0x0000000004005daa                calynda_unit_hdmi_clear_overflow
 .text.calynda_unit_hdmi_program_hdcp_video_polarity
                0x0000000004005dba      0x12a build/controller_demo-th1520.o
                0x0000000004005dba                calynda_unit_hdmi_program_hdcp_video_polarity
 .text.calynda_unit_hdmi_program_video_path
                0x0000000004005ee4     0x159c build/controller_demo-th1520.o
                0x0000000004005ee4                calynda_unit_hdmi_program_video_path
 .text.calynda_unit_hdmi_seed_phy_window
                0x0000000004007480      0x846 build/controller_demo-th1520.o
                0x0000000004007480                calynda_unit_hdmi_seed_phy_window
 .text.calynda_unit_hdmi_program_video_path_final
                0x0000000004007cc6     0x15be build/controller_demo-th1520.o
                0x0000000004007cc6                calynda_unit_hdmi_program_video_path_final
 .text.calynda_unit_dw_hdmi_init_lambda54
                0x0000000004009284      0x118 build/controller_demo-th1520.o
                0x0000000004009284                calynda_unit_dw_hdmi_init_lambda54
 .text.calynda_unit_dw_hdmi_init_nlr55
                0x000000000400939c       0xa0 build/controller_demo-th1520.o
                0x000000000400939c                calynda_unit_dw_hdmi_init_nlr55
 .text.calynda_unit_dw_hdmi_init_nlr56
                0x000000000400943c      0x9dc build/controller_demo-th1520.o
                0x000000000400943c                calynda_unit_dw_hdmi_init_nlr56
 .text.calynda_unit_dw_hdmi_init_lambda57
                0x0000000004009e18       0x24 build/controller_demo-th1520.o
                0x0000000004009e18                calynda_unit_dw_hdmi_init_lambda57
 .text.calynda_unit_dw_hdmi_init_lambda58
                0x0000000004009e3c      0x118 build/controller_demo-th1520.o
                0x0000000004009e3c                calynda_unit_dw_hdmi_init_lambda58
 .text.calynda_unit_dw_hdmi_init_nlr59
                0x0000000004009f54       0xa0 build/controller_demo-th1520.o
                0x0000000004009f54                calynda_unit_dw_hdmi_init_nlr59
 .text.calynda_unit_dw_hdmi_init
                0x0000000004009ff4     0x1a20 build/controller_demo-th1520.o
                0x0000000004009ff4                calynda_unit_dw_hdmi_init
 .text.calynda_unit_dc8200_init
                0x000000000400ba14     0x171e build/controller_demo-th1520.o
                0x000000000400ba14                calynda_unit_dc8200_init
 .text.calynda_unit_controller_demo_hold
                0x000000000400d132       0x10 build/controller_demo-th1520.o
                0x000000000400d132                calynda_unit_controller_demo_hold
 .text.calynda_unit_hdmi_controller_demo
                0x000000000400d142      0x33c build/controller_demo-th1520.o
                0x000000000400d142                calynda_unit_hdmi_controller_demo
 .text.calynda_unit_run
                0x000000000400d47e       0x34 build/controller_demo-th1520.o
                0x000000000400d47e                calynda_unit_run
 .text.calynda_unit___mir_module_init
                0x000000000400d4b2       0x8a build/controller_demo-th1520.o
                0x000000000400d4b2                calynda_unit___mir_module_init
 .text.calynda_closure_dpu0_pll_configure_1080p60_lambda40
                0x000000000400d53c       0x1c build/controller_demo-th1520.o
                0x000000000400d53c                calynda_closure_dpu0_pll_configure_1080p60_lambda40
 .text.calynda_closure_dpu0_pll_configure_1080p60_nlr41
                0x000000000400d558       0x1c build/controller_demo-th1520.o
                0x000000000400d558                calynda_closure_dpu0_pll_configure_1080p60_nlr41
 .text.calynda_closure_dpu1_pll_configure_1080p60_lambda42
                0x000000000400d574       0x1c build/controller_demo-th1520.o
                0x000000000400d574                calynda_closure_dpu1_pll_configure_1080p60_lambda42
 .text.calynda_closure_dpu1_pll_configure_1080p60_nlr43
                0x000000000400d590       0x1c build/controller_demo-th1520.o
                0x000000000400d590                calynda_closure_dpu1_pll_configure_1080p60_nlr43
 .text.calynda_closure_hdmi_phy_i2cm_write_once_lambda45
                0x000000000400d5ac       0x1c build/controller_demo-th1520.o
                0x000000000400d5ac                calynda_closure_hdmi_phy_i2cm_write_once_lambda45
 .text.calynda_closure_hdmi_phy_i2cm_write_once_nlr46_nlr47
                0x000000000400d5c8       0x1c build/controller_demo-th1520.o
                0x000000000400d5c8                calynda_closure_hdmi_phy_i2cm_write_once_nlr46_nlr47
 .text.calynda_closure_hdmi_phy_i2cm_write_once_nlr46_lambda48
                0x000000000400d5e4       0x1c build/controller_demo-th1520.o
                0x000000000400d5e4                calynda_closure_hdmi_phy_i2cm_write_once_nlr46_lambda48
 .text.calynda_closure_hdmi_phy_i2cm_write_once_nlr46
                0x000000000400d600       0x1c build/controller_demo-th1520.o
                0x000000000400d600                calynda_closure_hdmi_phy_i2cm_write_once_nlr46
 .text.calynda_closure_hdmi_phy_i2cm_write_attempt_nlr49
                0x000000000400d61c       0x1c build/controller_demo-th1520.o
                0x000000000400d61c                calynda_closure_hdmi_phy_i2cm_write_attempt_nlr49
 .text.calynda_closure_hdmi_phy_i2cm_write_attempt_lambda50
                0x000000000400d638       0x1c build/controller_demo-th1520.o
                0x000000000400d638                calynda_closure_hdmi_phy_i2cm_write_attempt_lambda50
 .text.calynda_closure_dw_hdmi_init_lambda54
                0x000000000400d654       0x1c build/controller_demo-th1520.o
                0x000000000400d654                calynda_closure_dw_hdmi_init_lambda54
 .text.calynda_closure_dw_hdmi_init_nlr55
                0x000000000400d670       0x1c build/controller_demo-th1520.o
                0x000000000400d670                calynda_closure_dw_hdmi_init_nlr55
 .text.calynda_closure_dw_hdmi_init_nlr56
                0x000000000400d68c       0x1c build/controller_demo-th1520.o
                0x000000000400d68c                calynda_closure_dw_hdmi_init_nlr56
 .text.calynda_closure_dw_hdmi_init_lambda57
                0x000000000400d6a8       0x1c build/controller_demo-th1520.o
                0x000000000400d6a8                calynda_closure_dw_hdmi_init_lambda57
 .text.calynda_closure_dw_hdmi_init_lambda58
                0x000000000400d6c4       0x1c build/controller_demo-th1520.o
                0x000000000400d6c4                calynda_closure_dw_hdmi_init_lambda58
 .text.calynda_closure_dw_hdmi_init_nlr59
                0x000000000400d6e0       0x1c build/controller_demo-th1520.o
                0x000000000400d6e0                calynda_closure_dw_hdmi_init_nlr59

.rodata         0x000000000400d700      0x640
 *(.rodata .rodata.*)
 .rodata.csc.4  0x000000000400d700       0x18 build/runtime_boot-th1520.o
 .rodata.HEX.20
                0x000000000400d718       0x11 build/runtime_boot-th1520.o
 *fill*         0x000000000400d729        0x7 
 .rodata.wait_cmd_cmpl.constprop.0.str1.8
                0x000000000400d730       0x16 build/usb_hid-th1520.o
                                         0x22 (size before relaxing)
 *fill*         0x000000000400d746        0x2 
 .rodata.ctrl_xfer.str1.8
                0x000000000400d748       0x45 build/usb_hid-th1520.o
 *fill*         0x000000000400d78d        0x3 
 .rodata.hub_port_status.str1.8
                0x000000000400d790       0x17 build/usb_hid-th1520.o
 *fill*         0x000000000400d7a7        0x1 
 .rodata.enumerate_device.str1.8
                0x000000000400d7a8      0x21a build/usb_hid-th1520.o
 *fill*         0x000000000400d9c2        0x6 
 .rodata.__calynda_rt_usb_init.str1.8
                0x000000000400d9c8      0x1e2 build/usb_hid-th1520.o
                                        0x1f2 (size before relaxing)
 *fill*         0x000000000400dbaa        0x6 
 .rodata.__calynda_rt_usb_classic_buttons.str1.8
                0x000000000400dbb0        0xd build/usb_hid-th1520.o
 *fill*         0x000000000400dbbd        0x3 
 .rodata.HX.2   0x000000000400dbc0       0x11 build/usb_hid-th1520.o
 *fill*         0x000000000400dbd1        0x7 
 .rodata        0x000000000400dbd8      0x168 build/controller_demo-th1520.o

.srodata.lsb_base.2
                0x000000000400dd40        0x6
 .srodata.lsb_base.2
                0x000000000400dd40        0x6 build/runtime_boot-th1520.o

.srodata.msb_base.3
                0x000000000400dd48        0x6
 .srodata.msb_base.3
                0x000000000400dd48        0x6 build/runtime_boot-th1520.o

.srodata.cst8   0x000000000400dd50       0x38
 .srodata.cst8  0x000000000400dd50       0x30 build/runtime_boot-th1520.o
 .srodata.cst8  0x000000000400dd80        0x8 build/usb_hid-th1520.o
                                         0x10 (size before relaxing)

.rela.dyn       0x000000000400dd88        0x0
 .rela.text.start
                0x000000000400dd88        0x0 build/start-th1520.o

.data           0x000000000400dd90       0x60
 *(.data .data.*)
 .data          0x000000000400dd90       0x60 build/controller_demo-th1520.o
                0x000000000400dd90                calynda_global_HDMI_IDENTITY_CSC
                0x000000000400dd98                calynda_global_HDMI_CSC_MSB_BASE
                0x000000000400dda0                calynda_global_HDMI_CSC_LSB_BASE
                0x000000000400dda8                calynda_global_FB_WIDTH
                0x000000000400ddb0                calynda_global_FB_HEIGHT
                0x000000000400ddb8                calynda_global_THEAD_CMO_STRIDE
                0x000000000400ddc0                calynda_global_hdmi_diag0
                0x000000000400ddc8                calynda_global_hdmi_diag1
                0x000000000400ddd0                calynda_global_hdmi_diag2
                0x000000000400ddd8                calynda_global_HDMI_PLL_SETTLE_DELAY_US
                0x000000000400dde0                calynda_global_HDMI_POST_PHY_SETTLE_DELAY_US
                0x000000000400dde8                calynda_global_HDMI_POST_SCANOUT_ENABLE_DELAY_US

.sdata.BOOT_DEBUG_BUDGET
                0x000000000400ddf0        0x4
 .sdata.BOOT_DEBUG_BUDGET
                0x000000000400ddf0        0x4 build/runtime_boot-th1520.o

.sdata.BOOT_NLR_DEPTH
                0x000000000400ddf4        0x4
 .sdata.BOOT_NLR_DEPTH
                0x000000000400ddf4        0x4 build/runtime_boot-th1520.o

.bss            0x000000000400de00    0x104b8
                0x000000000400de00                __bss_start = .
 *(.bss .bss.*)
 .bss.BOOT_NLR_SLOTS
                0x000000000400de00      0x400 build/runtime_boot-th1520.o
 .bss.BOOT_HEAP
                0x000000000400e200    0x10000 build/runtime_boot-th1520.o
 .bss.ep0_ccs_tbl
                0x000000000401e200        0xc build/usb_hid-th1520.o
 *fill*         0x000000000401e20c        0x4 
 .bss.ep0_enq_tbl
                0x000000000401e210        0xc build/usb_hid-th1520.o
 *(.sbss .sbss.*)
 .sbss.BOOT_DEBUG_INDEX
                0x000000000401e21c        0x4 build/runtime_boot-th1520.o
 .sbss.BOOT_HEAP_USED
                0x000000000401e220        0x8 build/runtime_boot-th1520.o
 .sbss.prev_rep.0
                0x000000000401e228        0x8 build/usb_hid-th1520.o
 .sbss.ep0_slot_cur
                0x000000000401e230        0x4 build/usb_hid-th1520.o
 .sbss.s_last_buttons
                0x000000000401e234        0x4 build/usb_hid-th1520.o
 .sbss.s_usb_ready
                0x000000000401e238        0x4 build/usb_hid-th1520.o
 *fill*         0x000000000401e23c        0x4 
 .sbss.s_hid_report
                0x000000000401e240        0x8 build/usb_hid-th1520.o
 .sbss.s_hid_report_len
                0x000000000401e248        0x4 build/usb_hid-th1520.o
 .sbss.s_int_ccs
                0x000000000401e24c        0x4 build/usb_hid-th1520.o
 .sbss.s_int_enq
                0x000000000401e250        0x4 build/usb_hid-th1520.o
 *fill*         0x000000000401e254        0x4 
 .sbss.s_int_ring
                0x000000000401e258        0x8 build/usb_hid-th1520.o
 .sbss.s_hid_dci
                0x000000000401e260        0x1 build/usb_hid-th1520.o
 .sbss.s_hid_slot
                0x000000000401e261        0x1 build/usb_hid-th1520.o
 *fill*         0x000000000401e262        0x2 
 .sbss.s_evt_ccs
                0x000000000401e264        0x4 build/usb_hid-th1520.o
 .sbss.s_evt_deq
                0x000000000401e268        0x4 build/usb_hid-th1520.o
 *fill*         0x000000000401e26c        0x4 
 .sbss.s_evt_ring
                0x000000000401e270        0x8 build/usb_hid-th1520.o
 .sbss.s_cmd_ccs
                0x000000000401e278        0x4 build/usb_hid-th1520.o
 .sbss.s_cmd_enq
                0x000000000401e27c        0x4 build/usb_hid-th1520.o
 .sbss.s_cmd_ring
                0x000000000401e280        0x8 build/usb_hid-th1520.o
 .sbss.s_max_slots
                0x000000000401e288        0x4 build/usb_hid-th1520.o
 .sbss.s_nports
                0x000000000401e28c        0x4 build/usb_hid-th1520.o
 .sbss.s_caplength
                0x000000000401e290        0x4 build/usb_hid-th1520.o
 *fill*         0x000000000401e294        0x4 
 .sbss.s_db     0x000000000401e298        0x8 build/usb_hid-th1520.o
 .sbss.s_rt     0x000000000401e2a0        0x8 build/usb_hid-th1520.o
 .sbss.s_op     0x000000000401e2a8        0x8 build/usb_hid-th1520.o
 .sbss.s_cap    0x000000000401e2b0        0x8 build/usb_hid-th1520.o
 *(COMMON)
                0x000000000401e2b8                __bss_end = .
                0x000000000401e2c0                . = ALIGN (0x10)
                0x000000000401e2c0                __stack_bottom = .
                0x000000000402e2c0                . = (. + 0x10000)
                0x000000000402e2c0                __stack_top = .

/DISCARD/
 *(.note.GNU-stack)
 *(.comment)
LOAD build/start-th1520.o
LOAD build/runtime_boot-th1520.o
LOAD build/usb_hid-th1520.o
LOAD build/controller_demo-th1520.o
OUTPUT(build/controller_demo-th1520.elf elf64-littleriscv)

.riscv.attributes
                0x0000000000000000       0x57
 .riscv.attributes
                0x0000000000000000       0x55 build/start-th1520.o
 .riscv.attributes
                0x0000000000000055       0x53 build/runtime_boot-th1520.o
 .riscv.attributes
                0x00000000000000a8       0x53 build/usb_hid-th1520.o
 .riscv.attributes
                0x00000000000000fb       0x51 build/controller_demo-th1520.o
