
Discarded input sections

 .text          0x0000000000000000        0x0 build/start-th1520.o
 .data          0x0000000000000000        0x0 build/start-th1520.o
 .bss           0x0000000000000000        0x0 build/start-th1520.o
 .text          0x0000000000000000        0x0 build/runtime_boot-th1520.o
 .data          0x0000000000000000        0x0 build/runtime_boot-th1520.o
 .bss           0x0000000000000000        0x0 build/runtime_boot-th1520.o
 .text.__calynda_rt_debug_word
                0x0000000000000000        0x2 build/runtime_boot-th1520.o
 .text.__calynda_rt_debug_pair
                0x0000000000000000        0x2 build/runtime_boot-th1520.o
 .text.__calynda_rt_debug_object
                0x0000000000000000        0x2 build/runtime_boot-th1520.o
 .text.__calynda_rt_cast_value
                0x0000000000000000       0xa8 build/runtime_boot-th1520.o
 .rodata.__calynda_rt_cast_value
                0x0000000000000000       0x2c build/runtime_boot-th1520.o
 .text.__calynda_rt_scratch_mark
                0x0000000000000000        0x2 build/runtime_boot-th1520.o
 .text.__calynda_rt_screen_clear_object
                0x0000000000000000       0x38 build/runtime_boot-th1520.o
 .text.__calynda_rt_fb_border
                0x0000000000000000       0xa0 build/runtime_boot-th1520.o
 .text.__calynda_rt_fb_draw_row_markers
                0x0000000000000000       0x52 build/runtime_boot-th1520.o
 .text.__calynda_rt_fb_draw_col_markers
                0x0000000000000000       0x52 build/runtime_boot-th1520.o
 .text.__calynda_rt_draw_probe_label
                0x0000000000000000       0x80 build/runtime_boot-th1520.o
 .text.__calynda_rt_array_literal
                0x0000000000000000        0x8 build/runtime_boot-th1520.o
 .text.__calynda_rt_hetero_array_get_tag
                0x0000000000000000       0x42 build/runtime_boot-th1520.o
 .text.__calynda_rt_array_car
                0x0000000000000000       0x40 build/runtime_boot-th1520.o
 .text.__calynda_rt_array_cdr
                0x0000000000000000       0x60 build/runtime_boot-th1520.o
 .text.__calynda_rt_string_cdr
                0x0000000000000000       0x9a build/runtime_boot-th1520.o
 .text.__calynda_rt_store_index
                0x0000000000000000       0x5c build/runtime_boot-th1520.o
 .text.calynda_rt_callable_dispatch
                0x0000000000000000        0xe build/runtime_boot-th1520.o
 .text.__calynda_deref
                0x0000000000000000       0x24 build/runtime_boot-th1520.o
 .text.__calynda_deref_sized
                0x0000000000000000       0x2a build/runtime_boot-th1520.o
 .text.__calynda_mmio_deref
                0x0000000000000000        0x4 build/runtime_boot-th1520.o
 .text.__calynda_addr
                0x0000000000000000        0x2 build/runtime_boot-th1520.o
 .text.__calynda_offset
                0x0000000000000000        0x6 build/runtime_boot-th1520.o
 .text.__calynda_store
                0x0000000000000000       0x22 build/runtime_boot-th1520.o
 .text.__calynda_mmio_store
                0x0000000000000000        0x4 build/runtime_boot-th1520.o
 .text.__calynda_store_sized
                0x0000000000000000       0x28 build/runtime_boot-th1520.o
 .text.__calynda_rt_cache_clean
                0x0000000000000000        0x6 build/runtime_boot-th1520.o
 .text.__calynda_rt_cache_final
                0x0000000000000000        0x6 build/runtime_boot-th1520.o
 .rodata.DIGITS.0
                0x0000000000000000       0x1c build/runtime_boot-th1520.o
 .rodata.LETTERS.1
                0x0000000000000000       0x38 build/runtime_boot-th1520.o
 .comment       0x0000000000000000       0x20 build/runtime_boot-th1520.o
 .note.GNU-stack
                0x0000000000000000        0x0 build/runtime_boot-th1520.o
 .text          0x0000000000000000        0x0 build/usb_hid-th1520.o
 .data          0x0000000000000000        0x0 build/usb_hid-th1520.o
 .bss           0x0000000000000000        0x0 build/usb_hid-th1520.o
 .text.usb_clean_range
                0x0000000000000000       0x1a build/usb_hid-th1520.o
 .text.usb_inv_range
                0x0000000000000000       0x1a build/usb_hid-th1520.o
 .text.usb_delay_us
                0x0000000000000000       0x1a build/usb_hid-th1520.o
 .text.usb_zero
                0x0000000000000000       0x12 build/usb_hid-th1520.o
 .text.ir0_write64
                0x0000000000000000       0x32 build/usb_hid-th1520.o
 .text.wait_cmd_cmpl
                0x0000000000000000      0x108 build/usb_hid-th1520.o
 .text.ep0_push
                0x0000000000000000       0xdc build/usb_hid-th1520.o
 .text.wait_xfer_cmpl
                0x0000000000000000      0x108 build/usb_hid-th1520.o
 .text.hid_fb_rect
                0x0000000000000000       0x34 build/usb_hid-th1520.o
 .text.hid_fb_flush
                0x0000000000000000       0x1a build/usb_hid-th1520.o
 .text.draw_controller
                0x0000000000000000      0x3b0 build/usb_hid-th1520.o
 .text.cmd_enqueue.constprop.0
                0x0000000000000000       0xc0 build/usb_hid-th1520.o
 .text.int_in_rearm
                0x0000000000000000      0x100 build/usb_hid-th1520.o
 .text.ctrl_xfer
                0x0000000000000000      0x130 build/usb_hid-th1520.o
 .text.hub_port_status
                0x0000000000000000       0x6a build/usb_hid-th1520.o
 .text.get_config_descriptor.constprop.0
                0x0000000000000000       0xd4 build/usb_hid-th1520.o
 .text.enumerate_device
                0x0000000000000000      0x62c build/usb_hid-th1520.o
 .text.__calynda_rt_usb_init
                0x0000000000000000      0x37c build/usb_hid-th1520.o
 .text.__calynda_rt_usb_classic_buttons
                0x0000000000000000      0x1fa build/usb_hid-th1520.o
 .text.__calynda_rt_controller_demo_hold
                0x0000000000000000       0x62 build/usb_hid-th1520.o
 .sbss.ep0_slot_cur
                0x0000000000000000        0x4 build/usb_hid-th1520.o
 .sbss.ep0_ccs  0x0000000000000000        0x4 build/usb_hid-th1520.o
 .sbss.ep0_enq  0x0000000000000000        0x4 build/usb_hid-th1520.o
 .sbss.s_last_buttons
                0x0000000000000000        0x4 build/usb_hid-th1520.o
 .sbss.s_usb_ready
                0x0000000000000000        0x4 build/usb_hid-th1520.o
 .sbss.s_hid_report
                0x0000000000000000        0x8 build/usb_hid-th1520.o
 .sbss.s_hid_report_len
                0x0000000000000000        0x4 build/usb_hid-th1520.o
 .sbss.s_int_ccs
                0x0000000000000000        0x4 build/usb_hid-th1520.o
 .sbss.s_int_enq
                0x0000000000000000        0x4 build/usb_hid-th1520.o
 .sbss.s_int_ring
                0x0000000000000000        0x8 build/usb_hid-th1520.o
 .sbss.s_hid_dci
                0x0000000000000000        0x1 build/usb_hid-th1520.o
 .sbss.s_hid_slot
                0x0000000000000000        0x1 build/usb_hid-th1520.o
 .sbss.s_evt_ccs
                0x0000000000000000        0x4 build/usb_hid-th1520.o
 .sbss.s_evt_deq
                0x0000000000000000        0x4 build/usb_hid-th1520.o
 .sbss.s_evt_ring
                0x0000000000000000        0x8 build/usb_hid-th1520.o
 .sbss.s_cmd_ccs
                0x0000000000000000        0x4 build/usb_hid-th1520.o
 .sbss.s_cmd_enq
                0x0000000000000000        0x4 build/usb_hid-th1520.o
 .sbss.s_cmd_ring
                0x0000000000000000        0x8 build/usb_hid-th1520.o
 .sbss.s_max_slots
                0x0000000000000000        0x4 build/usb_hid-th1520.o
 .sbss.s_nports
                0x0000000000000000        0x4 build/usb_hid-th1520.o
 .sbss.s_db     0x0000000000000000        0x8 build/usb_hid-th1520.o
 .sbss.s_rt     0x0000000000000000        0x8 build/usb_hid-th1520.o
 .sbss.s_op     0x0000000000000000        0x8 build/usb_hid-th1520.o
 .comment       0x0000000000000000       0x20 build/usb_hid-th1520.o
 .note.GNU-stack
                0x0000000000000000        0x0 build/usb_hid-th1520.o
 .riscv.attributes
                0x0000000000000000       0x53 build/usb_hid-th1520.o
 .text          0x0000000000000000        0x0 build/screen_demo-th1520.o
 .bss           0x0000000000000000        0x0 build/screen_demo-th1520.o
 .text.calynda_unit_while_nlr0
                0x0000000000000000       0x6e build/screen_demo-th1520.o
 .text.calynda_unit_while_lambda1
                0x0000000000000000       0x24 build/screen_demo-th1520.o
 .text.calynda_unit_fb_write_pixel
                0x0000000000000000       0x9e build/screen_demo-th1520.o
 .text.calynda_unit_fb_rect_span_lambda2
                0x0000000000000000       0x5c build/screen_demo-th1520.o
 .text.calynda_unit_fb_rect_span_nlr3
                0x0000000000000000       0xe6 build/screen_demo-th1520.o
 .text.calynda_unit_fb_rect_span
                0x0000000000000000       0x2a build/screen_demo-th1520.o
 .text.calynda_unit_fb_rect_lambda4
                0x0000000000000000       0x86 build/screen_demo-th1520.o
 .text.calynda_unit_fb_rect_nlr5
                0x0000000000000000      0x13e build/screen_demo-th1520.o
 .text.calynda_unit_thead_dcache_clean_range_lambda6
                0x0000000000000000       0x86 build/screen_demo-th1520.o
 .text.calynda_unit_thead_dcache_clean_range_nlr7
                0x0000000000000000       0xd6 build/screen_demo-th1520.o
 .text.calynda_unit_screen_make_rect
                0x0000000000000000       0x9e build/screen_demo-th1520.o
 .text.calynda_unit_screen_text_width
                0x0000000000000000       0xc6 build/screen_demo-th1520.o
 .text.calynda_unit_screen_object_x
                0x0000000000000000       0x68 build/screen_demo-th1520.o
 .text.calynda_unit_screen_object_y
                0x0000000000000000       0x68 build/screen_demo-th1520.o
 .text.calynda_unit_screen_object_width
                0x0000000000000000       0x68 build/screen_demo-th1520.o
 .text.calynda_unit_screen_object_height
                0x0000000000000000       0x68 build/screen_demo-th1520.o
 .text.calynda_unit_screen_object_color
                0x0000000000000000       0x68 build/screen_demo-th1520.o
 .text.calynda_unit_forRange_lambda44
                0x0000000000000000       0x96 build/screen_demo-th1520.o
 .text.calynda_unit_forRange
                0x0000000000000000       0x40 build/screen_demo-th1520.o
 .text.calynda_unit_hdmi_program_identity_csc_lambda51_lambda52
                0x0000000000000000      0x2bc build/screen_demo-th1520.o
 .text.calynda_unit_hdmi_program_identity_csc_lambda51
                0x0000000000000000       0x76 build/screen_demo-th1520.o
 .text.calynda_unit_hdmi_clear_overflow_lambda53
                0x0000000000000000       0x96 build/screen_demo-th1520.o
 .text.calynda_unit_hold_scanout
                0x0000000000000000        0x4 build/screen_demo-th1520.o
 .text.calynda_unit_boot
                0x0000000000000000       0x48 build/screen_demo-th1520.o
 .text._start   0x0000000000000000       0x10 build/screen_demo-th1520.o
 .text.calynda_closure_while_nlr0
                0x0000000000000000       0x20 build/screen_demo-th1520.o
 .text.calynda_closure_while_lambda1
                0x0000000000000000       0x20 build/screen_demo-th1520.o
 .text.calynda_closure_fb_rect_span_lambda2
                0x0000000000000000       0x20 build/screen_demo-th1520.o
 .text.calynda_closure_fb_rect_span_nlr3
                0x0000000000000000       0x20 build/screen_demo-th1520.o
 .text.calynda_closure_fb_rect_lambda4
                0x0000000000000000       0x20 build/screen_demo-th1520.o
 .text.calynda_closure_fb_rect_nlr5
                0x0000000000000000       0x20 build/screen_demo-th1520.o
 .text.calynda_closure_thead_dcache_clean_range_lambda6
                0x0000000000000000       0x20 build/screen_demo-th1520.o
 .text.calynda_closure_thead_dcache_clean_range_nlr7
                0x0000000000000000       0x20 build/screen_demo-th1520.o
 .text.calynda_closure_forRange_lambda44
                0x0000000000000000       0x20 build/screen_demo-th1520.o
 .text.calynda_closure_hdmi_program_identity_csc_lambda51_lambda52
                0x0000000000000000       0x24 build/screen_demo-th1520.o
 .text.calynda_closure_hdmi_program_identity_csc_lambda51
                0x0000000000000000       0x24 build/screen_demo-th1520.o
 .text.calynda_closure_hdmi_clear_overflow_lambda53
                0x0000000000000000       0x24 build/screen_demo-th1520.o
 .note.GNU-stack
                0x0000000000000000        0x0 build/screen_demo-th1520.o

Memory Configuration

Name             Origin             Length             Attributes
ram              0x0000000004000000 0x0000000008000000 xrw
*default*        0x0000000000000000 0xffffffffffffffff

Linker script and memory map

                0x0000000004000000                . = ORIGIN (ram)

.text           0x0000000004000000    0x11b1a
 *(.text.start)
 .text.start    0x0000000004000000       0xae build/start-th1520.o
                0x0000000004000000                _start_baremetal
                0x0000000004000076                __calynda_rt_boot_probe
 *(.text .text.*)
 .text.frt_as_object
                0x00000000040000ae       0x14 build/runtime_boot-th1520.o
 .text.frt_fb_rect_to
                0x00000000040000c2       0x30 build/runtime_boot-th1520.o
 .text.frt_cache_clean_range
                0x00000000040000f2       0x1a build/runtime_boot-th1520.o
 .text.frt_is_boot_heap_word
                0x000000000400010c       0x26 build/runtime_boot-th1520.o
 .text.frt_array_count
                0x0000000004000132       0x1c build/runtime_boot-th1520.o
 .text.frt_array_elements
                0x000000000400014e       0x1c build/runtime_boot-th1520.o
 .text.frt_string_length
                0x000000000400016a       0x1c build/runtime_boot-th1520.o
 .text.frt_fail
                0x0000000004000186       0x2c build/runtime_boot-th1520.o
 .text.frt_screen_scene_count
                0x00000000040001b2       0x1e build/runtime_boot-th1520.o
 .text.frt_screen_scene_elements
                0x00000000040001d0       0x1e build/runtime_boot-th1520.o
 .text.frt_screen_scene_word_is_object
                0x00000000040001ee       0x48 build/runtime_boot-th1520.o
 .text.frt_screen_scene_total_count_from_word
                0x0000000004000236       0x5e build/runtime_boot-th1520.o
 .text.frt_alloc_bytes
                0x0000000004000294       0x4e build/runtime_boot-th1520.o
 .text.frt_copy_words
                0x00000000040002e2       0x38 build/runtime_boot-th1520.o
 .text.frt_new_array
                0x000000000400031a       0x3c build/runtime_boot-th1520.o
 .text.frt_screen_object_unpack
                0x0000000004000356       0x6a build/runtime_boot-th1520.o
 .text.frt_screen_scene_unpack_from_word
                0x00000000040003c0       0x78 build/runtime_boot-th1520.o
 .text.frt_require_string
                0x0000000004000438       0x18 build/runtime_boot-th1520.o
 .text.frt_draw_glyph_to.constprop.0
                0x0000000004000450       0x88 build/runtime_boot-th1520.o
 .text.frt_screen_draw_object_to
                0x00000000040004d8      0x15a build/runtime_boot-th1520.o
 .text.__calynda_rt_boot_probe_c
                0x0000000004000632       0x10 build/runtime_boot-th1520.o
                0x0000000004000632                __calynda_rt_boot_probe_c
 .text.__calynda_rt_screen_demo_hold
                0x0000000004000642      0x2c8 build/runtime_boot-th1520.o
                0x0000000004000642                __calynda_rt_screen_demo_hold
 .text.__calynda_rt_cache_clean_range
                0x000000000400090a        0x4 build/runtime_boot-th1520.o
                0x000000000400090a                __calynda_rt_cache_clean_range
 .text.__calynda_rt_hdmi_program_identity_csc
                0x000000000400090e       0xa6 build/runtime_boot-th1520.o
                0x000000000400090e                __calynda_rt_hdmi_program_identity_csc
 .text.__calynda_rt_hdmi_clear_overflow
                0x00000000040009b4       0x36 build/runtime_boot-th1520.o
                0x00000000040009b4                __calynda_rt_hdmi_clear_overflow
 .text.__calynda_rt_screen_draw_object
                0x00000000040009ea       0x1a build/runtime_boot-th1520.o
                0x00000000040009ea                __calynda_rt_screen_draw_object
 .text.__calynda_rt_screen_make_text
                0x0000000004000a04       0x62 build/runtime_boot-th1520.o
                0x0000000004000a04                __calynda_rt_screen_make_text
 .text.__calynda_rt_member_load
                0x0000000004000a66       0x90 build/runtime_boot-th1520.o
                0x0000000004000a66                __calynda_rt_member_load
 .text.__calynda_rt_index_load
                0x0000000004000af6       0x7c build/runtime_boot-th1520.o
                0x0000000004000af6                __calynda_rt_index_load
 .text.__calynda_rt_hetero_array_new
                0x0000000004000b72       0x42 build/runtime_boot-th1520.o
                0x0000000004000b72                __calynda_rt_hetero_array_new
 .text.__calynda_rt_closure_new
                0x0000000004000bb4       0x42 build/runtime_boot-th1520.o
                0x0000000004000bb4                __calynda_rt_closure_new
 .text.__calynda_rt_call_callable
                0x0000000004000bf6       0x2a build/runtime_boot-th1520.o
                0x0000000004000bf6                __calynda_rt_call_callable
 .text.__calynda_rt_cell_alloc
                0x0000000004000c20       0x18 build/runtime_boot-th1520.o
                0x0000000004000c20                __calynda_rt_cell_alloc
 .text.__calynda_rt_cell_read
                0x0000000004000c38        0x4 build/runtime_boot-th1520.o
                0x0000000004000c38                __calynda_rt_cell_read
 .text.__calynda_rt_cell_write
                0x0000000004000c3c        0x6 build/runtime_boot-th1520.o
                0x0000000004000c3c                __calynda_rt_cell_write
 .text.__calynda_rt_nlr_push
                0x0000000004000c42       0x38 build/runtime_boot-th1520.o
                0x0000000004000c42                __calynda_rt_nlr_push
 .text.__calynda_rt_nlr_invoke
                0x0000000004000c7a        0xc build/runtime_boot-th1520.o
                0x0000000004000c7a                __calynda_rt_nlr_invoke
 .text.__calynda_rt_nlr_check_pop
                0x0000000004000c86       0x28 build/runtime_boot-th1520.o
                0x0000000004000c86                __calynda_rt_nlr_check_pop
 .text.__calynda_rt_nlr_get_value
                0x0000000004000cae        0xa build/runtime_boot-th1520.o
                0x0000000004000cae                __calynda_rt_nlr_get_value
 .text.__calynda_mmio_deref_sized
                0x0000000004000cb8       0x66 build/runtime_boot-th1520.o
                0x0000000004000cb8                __calynda_mmio_deref_sized
 .text.__calynda_offset_stride
                0x0000000004000d1e        0x8 build/runtime_boot-th1520.o
                0x0000000004000d1e                __calynda_offset_stride
 .text.__calynda_mmio_store_sized
                0x0000000004000d26       0x60 build/runtime_boot-th1520.o
                0x0000000004000d26                __calynda_mmio_store_sized
 .text.__calynda_rt_fence
                0x0000000004000d86        0x6 build/runtime_boot-th1520.o
                0x0000000004000d86                __calynda_rt_fence
 .text.calynda_unit_if
                0x0000000004000d8c       0x82 build/screen_demo-th1520.o
                0x0000000004000d8c                calynda_unit_if
 .text.calynda_unit_while
                0x0000000004000e0e       0x2e build/screen_demo-th1520.o
                0x0000000004000e0e                calynda_unit_while
 .text.calynda_unit_RGB
                0x0000000004000e3c       0x52 build/screen_demo-th1520.o
                0x0000000004000e3c                calynda_unit_RGB
 .text.calynda_unit_fb_rect
                0x0000000004000e8e       0x34 build/screen_demo-th1520.o
                0x0000000004000e8e                calynda_unit_fb_rect
 .text.calynda_unit_fb_fill
                0x0000000004000ec2       0x6c build/screen_demo-th1520.o
                0x0000000004000ec2                calynda_unit_fb_fill
 .text.calynda_unit_thead_dcache_clean_range
                0x0000000004000f2e       0x10 build/screen_demo-th1520.o
                0x0000000004000f2e                calynda_unit_thead_dcache_clean_range
 .text.calynda_unit_screen_make_text
                0x0000000004000f3e        0xe build/screen_demo-th1520.o
                0x0000000004000f3e                calynda_unit_screen_make_text
 .text.calynda_unit_screen_draw_object
                0x0000000004000f4c       0x10 build/screen_demo-th1520.o
                0x0000000004000f4c                calynda_unit_screen_draw_object
 .text.calynda_unit_delay_us
                0x0000000004000f5c       0x16 build/screen_demo-th1520.o
                0x0000000004000f5c                calynda_unit_delay_us
 .text.calynda_unit_dpu0_pll_configure_1080p60_lambda40
                0x0000000004000f72      0x136 build/screen_demo-th1520.o
                0x0000000004000f72                calynda_unit_dpu0_pll_configure_1080p60_lambda40
 .text.calynda_unit_dpu0_pll_configure_1080p60_nlr41
                0x00000000040010a8       0x9e build/screen_demo-th1520.o
                0x00000000040010a8                calynda_unit_dpu0_pll_configure_1080p60_nlr41
 .text.calynda_unit_dpu0_pll_configure_1080p60
                0x0000000004001146      0xa9e build/screen_demo-th1520.o
                0x0000000004001146                calynda_unit_dpu0_pll_configure_1080p60
 .text.calynda_unit_dpu1_pll_configure_1080p60_lambda42
                0x0000000004001be4      0x136 build/screen_demo-th1520.o
                0x0000000004001be4                calynda_unit_dpu1_pll_configure_1080p60_lambda42
 .text.calynda_unit_dpu1_pll_configure_1080p60_nlr43
                0x0000000004001d1a       0x9e build/screen_demo-th1520.o
                0x0000000004001d1a                calynda_unit_dpu1_pll_configure_1080p60_nlr43
 .text.calynda_unit_dpu1_pll_configure_1080p60
                0x0000000004001db8      0xa9e build/screen_demo-th1520.o
                0x0000000004001db8                calynda_unit_dpu1_pll_configure_1080p60
 .text.calynda_unit_vosys_clk_enable
                0x0000000004002856      0x9b4 build/screen_demo-th1520.o
                0x0000000004002856                calynda_unit_vosys_clk_enable
 .text.calynda_unit_hdmi_phy_i2cm_write_once_lambda45
                0x000000000400320a       0xb2 build/screen_demo-th1520.o
                0x000000000400320a                calynda_unit_hdmi_phy_i2cm_write_once_lambda45
 .text.calynda_unit_hdmi_phy_i2cm_write_once_nlr46_nlr47
                0x00000000040032bc      0x198 build/screen_demo-th1520.o
                0x00000000040032bc                calynda_unit_hdmi_phy_i2cm_write_once_nlr46_nlr47
 .text.calynda_unit_hdmi_phy_i2cm_write_once_nlr46_lambda48
                0x0000000004003454       0x66 build/screen_demo-th1520.o
                0x0000000004003454                calynda_unit_hdmi_phy_i2cm_write_once_nlr46_lambda48
 .text.calynda_unit_hdmi_phy_i2cm_write_once_nlr46
                0x00000000040034ba      0x390 build/screen_demo-th1520.o
                0x00000000040034ba                calynda_unit_hdmi_phy_i2cm_write_once_nlr46
 .text.calynda_unit_hdmi_phy_i2cm_write_once
                0x000000000400384a      0x6f2 build/screen_demo-th1520.o
                0x000000000400384a                calynda_unit_hdmi_phy_i2cm_write_once
 .text.calynda_unit_hdmi_phy_i2cm_write_attempt_nlr49
                0x0000000004003f3c       0x58 build/screen_demo-th1520.o
                0x0000000004003f3c                calynda_unit_hdmi_phy_i2cm_write_attempt_nlr49
 .text.calynda_unit_hdmi_phy_i2cm_write_attempt_lambda50
                0x0000000004003f94       0x24 build/screen_demo-th1520.o
                0x0000000004003f94                calynda_unit_hdmi_phy_i2cm_write_attempt_lambda50
 .text.calynda_unit_hdmi_phy_i2cm_write_attempt
                0x0000000004003fb8      0x332 build/screen_demo-th1520.o
                0x0000000004003fb8                calynda_unit_hdmi_phy_i2cm_write_attempt
 .text.calynda_unit_hdmi_phy_i2cm_write
                0x00000000040042ea       0x46 build/screen_demo-th1520.o
                0x00000000040042ea                calynda_unit_hdmi_phy_i2cm_write
 .text.calynda_unit_hdmi_program_identity_csc
                0x0000000004004330       0x10 build/screen_demo-th1520.o
                0x0000000004004330                calynda_unit_hdmi_program_identity_csc
 .text.calynda_unit_hdmi_clear_overflow
                0x0000000004004340       0x10 build/screen_demo-th1520.o
                0x0000000004004340                calynda_unit_hdmi_clear_overflow
 .text.calynda_unit_hdmi_program_hdcp_video_polarity
                0x0000000004004350      0x12a build/screen_demo-th1520.o
                0x0000000004004350                calynda_unit_hdmi_program_hdcp_video_polarity
 .text.calynda_unit_hdmi_program_video_path
                0x000000000400447a     0x157c build/screen_demo-th1520.o
                0x000000000400447a                calynda_unit_hdmi_program_video_path
 .text.calynda_unit_hdmi_seed_phy_window
                0x00000000040059f6      0x846 build/screen_demo-th1520.o
                0x00000000040059f6                calynda_unit_hdmi_seed_phy_window
 .text.calynda_unit_hdmi_program_video_path_final
                0x000000000400623c     0x158e build/screen_demo-th1520.o
                0x000000000400623c                calynda_unit_hdmi_program_video_path_final
 .text.calynda_unit_dw_hdmi_init_lambda54
                0x00000000040077ca      0x118 build/screen_demo-th1520.o
                0x00000000040077ca                calynda_unit_dw_hdmi_init_lambda54
 .text.calynda_unit_dw_hdmi_init_nlr55
                0x00000000040078e2       0xa0 build/screen_demo-th1520.o
                0x00000000040078e2                calynda_unit_dw_hdmi_init_nlr55
 .text.calynda_unit_dw_hdmi_init_nlr56
                0x0000000004007982      0x9dc build/screen_demo-th1520.o
                0x0000000004007982                calynda_unit_dw_hdmi_init_nlr56
 .text.calynda_unit_dw_hdmi_init_lambda57
                0x000000000400835e       0x24 build/screen_demo-th1520.o
                0x000000000400835e                calynda_unit_dw_hdmi_init_lambda57
 .text.calynda_unit_dw_hdmi_init_lambda58
                0x0000000004008382      0x118 build/screen_demo-th1520.o
                0x0000000004008382                calynda_unit_dw_hdmi_init_lambda58
 .text.calynda_unit_dw_hdmi_init_nlr59
                0x000000000400849a       0xa0 build/screen_demo-th1520.o
                0x000000000400849a                calynda_unit_dw_hdmi_init_nlr59
 .text.calynda_unit_dw_hdmi_init
                0x000000000400853a     0x1942 build/screen_demo-th1520.o
                0x000000000400853a                calynda_unit_dw_hdmi_init
 .text.calynda_unit_dc8200_init
                0x0000000004009e7c     0x171e build/screen_demo-th1520.o
                0x0000000004009e7c                calynda_unit_dc8200_init
 .text.calynda_unit_forLinear_lambda64
                0x000000000400b59a       0x86 build/screen_demo-th1520.o
                0x000000000400b59a                calynda_unit_forLinear_lambda64
 .text.calynda_unit_forLinear_nlr65
                0x000000000400b620      0x150 build/screen_demo-th1520.o
                0x000000000400b620                calynda_unit_forLinear_nlr65
 .text.calynda_unit_forLinear
                0x000000000400b770      0x1b4 build/screen_demo-th1520.o
                0x000000000400b770                calynda_unit_forLinear
 .text.calynda_unit_screen_demo_frame_nlr68_nlr69
                0x000000000400b924       0x38 build/screen_demo-th1520.o
                0x000000000400b924                calynda_unit_screen_demo_frame_nlr68_nlr69
 .text.calynda_unit_screen_demo_frame_nlr68
                0x000000000400b95c      0x156 build/screen_demo-th1520.o
                0x000000000400b95c                calynda_unit_screen_demo_frame_nlr68
 .text.calynda_unit_screen_demo_frame
                0x000000000400bab2      0x178 build/screen_demo-th1520.o
                0x000000000400bab2                calynda_unit_screen_demo_frame
 .text.calynda_unit_screen_demo_hold
                0x000000000400bc2a       0x10 build/screen_demo-th1520.o
                0x000000000400bc2a                calynda_unit_screen_demo_hold
 .text.calynda_unit_screen_demo_heysyd
                0x000000000400bc3a     0x58f0 build/screen_demo-th1520.o
                0x000000000400bc3a                calynda_unit_screen_demo_heysyd
 .text.calynda_unit_loop
                0x000000000401152a      0x242 build/screen_demo-th1520.o
                0x000000000401152a                calynda_unit_loop
 .text.calynda_unit_hdmi_screen_demo
                0x000000000401176c       0x9a build/screen_demo-th1520.o
                0x000000000401176c                calynda_unit_hdmi_screen_demo
 .text.calynda_unit_run
                0x0000000004011806       0x34 build/screen_demo-th1520.o
                0x0000000004011806                calynda_unit_run
 .text.calynda_unit___mir_module_init
                0x000000000401183a       0xa8 build/screen_demo-th1520.o
                0x000000000401183a                calynda_unit___mir_module_init
 .text.calynda_closure_dpu0_pll_configure_1080p60_lambda40
                0x00000000040118e2       0x1c build/screen_demo-th1520.o
                0x00000000040118e2                calynda_closure_dpu0_pll_configure_1080p60_lambda40
 .text.calynda_closure_dpu0_pll_configure_1080p60_nlr41
                0x00000000040118fe       0x1c build/screen_demo-th1520.o
                0x00000000040118fe                calynda_closure_dpu0_pll_configure_1080p60_nlr41
 .text.calynda_closure_dpu1_pll_configure_1080p60_lambda42
                0x000000000401191a       0x1c build/screen_demo-th1520.o
                0x000000000401191a                calynda_closure_dpu1_pll_configure_1080p60_lambda42
 .text.calynda_closure_dpu1_pll_configure_1080p60_nlr43
                0x0000000004011936       0x1c build/screen_demo-th1520.o
                0x0000000004011936                calynda_closure_dpu1_pll_configure_1080p60_nlr43
 .text.calynda_closure_hdmi_phy_i2cm_write_once_lambda45
                0x0000000004011952       0x1c build/screen_demo-th1520.o
                0x0000000004011952                calynda_closure_hdmi_phy_i2cm_write_once_lambda45
 .text.calynda_closure_hdmi_phy_i2cm_write_once_nlr46_nlr47
                0x000000000401196e       0x1c build/screen_demo-th1520.o
                0x000000000401196e                calynda_closure_hdmi_phy_i2cm_write_once_nlr46_nlr47
 .text.calynda_closure_hdmi_phy_i2cm_write_once_nlr46_lambda48
                0x000000000401198a       0x1c build/screen_demo-th1520.o
                0x000000000401198a                calynda_closure_hdmi_phy_i2cm_write_once_nlr46_lambda48
 .text.calynda_closure_hdmi_phy_i2cm_write_once_nlr46
                0x00000000040119a6       0x1c build/screen_demo-th1520.o
                0x00000000040119a6                calynda_closure_hdmi_phy_i2cm_write_once_nlr46
 .text.calynda_closure_hdmi_phy_i2cm_write_attempt_nlr49
                0x00000000040119c2       0x1c build/screen_demo-th1520.o
                0x00000000040119c2                calynda_closure_hdmi_phy_i2cm_write_attempt_nlr49
 .text.calynda_closure_hdmi_phy_i2cm_write_attempt_lambda50
                0x00000000040119de       0x1c build/screen_demo-th1520.o
                0x00000000040119de                calynda_closure_hdmi_phy_i2cm_write_attempt_lambda50
 .text.calynda_closure_dw_hdmi_init_lambda54
                0x00000000040119fa       0x1c build/screen_demo-th1520.o
                0x00000000040119fa                calynda_closure_dw_hdmi_init_lambda54
 .text.calynda_closure_dw_hdmi_init_nlr55
                0x0000000004011a16       0x1c build/screen_demo-th1520.o
                0x0000000004011a16                calynda_closure_dw_hdmi_init_nlr55
 .text.calynda_closure_dw_hdmi_init_nlr56
                0x0000000004011a32       0x1c build/screen_demo-th1520.o
                0x0000000004011a32                calynda_closure_dw_hdmi_init_nlr56
 .text.calynda_closure_dw_hdmi_init_lambda57
                0x0000000004011a4e       0x1c build/screen_demo-th1520.o
                0x0000000004011a4e                calynda_closure_dw_hdmi_init_lambda57
 .text.calynda_closure_dw_hdmi_init_lambda58
                0x0000000004011a6a       0x1c build/screen_demo-th1520.o
                0x0000000004011a6a                calynda_closure_dw_hdmi_init_lambda58
 .text.calynda_closure_dw_hdmi_init_nlr59
                0x0000000004011a86       0x1c build/screen_demo-th1520.o
                0x0000000004011a86                calynda_closure_dw_hdmi_init_nlr59
 .text.calynda_closure_forLinear_lambda64
                0x0000000004011aa2       0x1c build/screen_demo-th1520.o
                0x0000000004011aa2                calynda_closure_forLinear_lambda64
 .text.calynda_closure_forLinear_nlr65
                0x0000000004011abe       0x1c build/screen_demo-th1520.o
                0x0000000004011abe                calynda_closure_forLinear_nlr65
 .text.calynda_closure_screen_demo_frame_nlr68_nlr69
                0x0000000004011ada       0x20 build/screen_demo-th1520.o
                0x0000000004011ada                calynda_closure_screen_demo_frame_nlr68_nlr69
 .text.calynda_closure_screen_demo_frame_nlr68
                0x0000000004011afa       0x20 build/screen_demo-th1520.o
                0x0000000004011afa                calynda_closure_screen_demo_frame_nlr68

.rodata         0x0000000004011b20      0x538
 *(.rodata .rodata.*)
 .rodata.CSWTCH.70
                0x0000000004011b20      0x200 build/runtime_boot-th1520.o
 .rodata.csc.4  0x0000000004011d20       0x18 build/runtime_boot-th1520.o
 .rodata.DIGITS.18
                0x0000000004011d38       0x46 build/runtime_boot-th1520.o
 *fill*         0x0000000004011d7e        0x2 
 .rodata.LETTERS.19
                0x0000000004011d80       0xb6 build/runtime_boot-th1520.o
 *fill*         0x0000000004011e36        0x2 
 .rodata        0x0000000004011e38      0x220 build/screen_demo-th1520.o

.srodata.lsb_base.2
                0x0000000004012058        0x6
 .srodata.lsb_base.2
                0x0000000004012058        0x6 build/runtime_boot-th1520.o

.srodata.msb_base.3
                0x0000000004012060        0x6
 .srodata.msb_base.3
                0x0000000004012060        0x6 build/runtime_boot-th1520.o

.srodata.QUESTION.5
                0x0000000004012068        0x7
 .srodata.QUESTION.5
                0x0000000004012068        0x7 build/runtime_boot-th1520.o

.srodata.UNDERSCORE.6
                0x0000000004012070        0x7
 .srodata.UNDERSCORE.6
                0x0000000004012070        0x7 build/runtime_boot-th1520.o

.srodata.RPAREN.7
                0x0000000004012078        0x7
 .srodata.RPAREN.7
                0x0000000004012078        0x7 build/runtime_boot-th1520.o

.srodata.LPAREN.8
                0x0000000004012080        0x7
 .srodata.LPAREN.8
                0x0000000004012080        0x7 build/runtime_boot-th1520.o

.srodata.SLASH.9
                0x0000000004012088        0x7
 .srodata.SLASH.9
                0x0000000004012088        0x7 build/runtime_boot-th1520.o

.srodata.PLUS.10
                0x0000000004012090        0x7
 .srodata.PLUS.10
                0x0000000004012090        0x7 build/runtime_boot-th1520.o

.srodata.DASH.11
                0x0000000004012098        0x7
 .srodata.DASH.11
                0x0000000004012098        0x7 build/runtime_boot-th1520.o

.srodata.SEMICOLON.12
                0x00000000040120a0        0x7
 .srodata.SEMICOLON.12
                0x00000000040120a0        0x7 build/runtime_boot-th1520.o

.srodata.COLON.13
                0x00000000040120a8        0x7
 .srodata.COLON.13
                0x00000000040120a8        0x7 build/runtime_boot-th1520.o

.srodata.COMMA.14
                0x00000000040120b0        0x7
 .srodata.COMMA.14
                0x00000000040120b0        0x7 build/runtime_boot-th1520.o

.srodata.PERIOD.15
                0x00000000040120b8        0x7
 .srodata.PERIOD.15
                0x00000000040120b8        0x7 build/runtime_boot-th1520.o

.srodata.EXCLAMATION.16
                0x00000000040120c0        0x7
 .srodata.EXCLAMATION.16
                0x00000000040120c0        0x7 build/runtime_boot-th1520.o

.srodata.SPACE.17
                0x00000000040120c8        0x7
 .srodata.SPACE.17
                0x00000000040120c8        0x7 build/runtime_boot-th1520.o

.srodata.cst8   0x00000000040120d0       0x28
 .srodata.cst8  0x00000000040120d0       0x28 build/runtime_boot-th1520.o

.rela.dyn       0x00000000040120f8        0x0
 .rela.text.start
                0x00000000040120f8        0x0 build/start-th1520.o

.data           0x0000000004012100      0x3e8
 *(.data .data.*)
 .data          0x0000000004012100      0x3e8 build/screen_demo-th1520.o
                0x0000000004012478                calynda_global_HDMI_IDENTITY_CSC
                0x0000000004012480                calynda_global_HDMI_CSC_MSB_BASE
                0x0000000004012488                calynda_global_HDMI_CSC_LSB_BASE
                0x0000000004012490                calynda_global_FB_WIDTH
                0x0000000004012498                calynda_global_FB_HEIGHT
                0x00000000040124a0                calynda_global_THEAD_CMO_STRIDE
                0x00000000040124a8                calynda_global_SCREEN_TEXT_CHAR_ADVANCE
                0x00000000040124b0                calynda_global_SCREEN_TEXT_HEIGHT
                0x00000000040124b8                calynda_global_hdmi_diag0
                0x00000000040124c0                calynda_global_hdmi_diag1
                0x00000000040124c8                calynda_global_hdmi_diag2
                0x00000000040124d0                calynda_global_HDMI_PLL_SETTLE_DELAY_US
                0x00000000040124d8                calynda_global_HDMI_POST_PHY_SETTLE_DELAY_US
                0x00000000040124e0                calynda_global_HDMI_POST_SCANOUT_ENABLE_DELAY_US

.sdata.BOOT_NLR_DEPTH
                0x00000000040124e8        0x4
 .sdata.BOOT_NLR_DEPTH
                0x00000000040124e8        0x4 build/runtime_boot-th1520.o

.bss            0x00000000040124f0    0x10400
                0x00000000040124f0                __bss_start = .
 *(.bss .bss.*)
 .bss.BOOT_NLR_SLOTS
                0x00000000040124f0      0x400 build/runtime_boot-th1520.o
 .bss.BOOT_HEAP
                0x00000000040128f0    0x10000 build/runtime_boot-th1520.o
 *(COMMON)
                0x00000000040228f0                __bss_end = .

.sbss.BOOT_HEAP_USED
                0x00000000040228f0        0x8
 .sbss.BOOT_HEAP_USED
                0x00000000040228f0        0x8 build/runtime_boot-th1520.o
                0x0000000004022900                . = ALIGN (0x10)
                0x0000000004022900                __stack_bottom = .
                0x0000000004032900                . = (. + 0x10000)
                0x0000000004032900                __stack_top = .

/DISCARD/
 *(.note.GNU-stack)
 *(.comment)
LOAD build/start-th1520.o
LOAD build/runtime_boot-th1520.o
LOAD build/usb_hid-th1520.o
LOAD build/screen_demo-th1520.o
OUTPUT(build/screen_demo-th1520.elf elf64-littleriscv)

.riscv.attributes
                0x0000000000000000       0x57
 .riscv.attributes
                0x0000000000000000       0x55 build/start-th1520.o
 .riscv.attributes
                0x0000000000000055       0x53 build/runtime_boot-th1520.o
 .riscv.attributes
                0x00000000000000a8       0x51 build/screen_demo-th1520.o
