
Discarded input sections

 .comment       0x0000000000000000       0x20 build/runtime_boot-virt.o
 .note.GNU-stack
                0x0000000000000000        0x0 build/runtime_boot-virt.o
 .note.GNU-stack
                0x0000000000000000        0x0 build/uart_hello-virt.o

Memory Configuration

Name             Origin             Length             Attributes
ram              0x0000000080000000 0x0000000008000000 xrw
*default*        0x0000000000000000 0xffffffffffffffff

Linker script and memory map

                0x0000000080000000                . = ORIGIN (ram)

.text           0x0000000080000000      0x7ea
 *(.text.start)
 .text.start    0x0000000080000000       0xb8 build/start-virt.o
                0x0000000080000000                _start_baremetal
 *(.text .text.*)
 .text          0x00000000800000b8        0x0 build/start-virt.o
 .text          0x00000000800000b8      0x6ba build/runtime_boot-virt.o
                0x0000000080000448                __calynda_rt_member_load
                0x000000008000053a                __calynda_rt_index_load
                0x0000000080000600                __calynda_rt_array_literal
                0x0000000080000628                __calynda_rt_array_car
                0x000000008000065e                __calynda_rt_array_cdr
                0x00000000800006b8                __calynda_rt_string_cdr
                0x0000000080000702                __calynda_rt_store_index
 .text          0x0000000080000772       0x78 build/uart_hello-virt.o
                0x0000000080000772                calynda_unit_hdmi_hello_world
                0x0000000080000776                calynda_unit_run
                0x00000000800007aa                calynda_unit_boot
                0x00000000800007de                _start

.rela.dyn       0x00000000800007f0        0x0
 .rela.text.start
                0x00000000800007f0        0x0 build/start-virt.o

.rodata
 *(.rodata .rodata.*)

.data           0x00000000800007f0        0x0
 *(.data .data.*)
 .data          0x00000000800007f0        0x0 build/start-virt.o
 .data          0x00000000800007f0        0x0 build/runtime_boot-virt.o
 .data          0x00000000800007f0        0x0 build/uart_hello-virt.o

.bss            0x00000000800007f0    0x10008
                0x00000000800007f0                __bss_start = .
 *(.bss .bss.*)
 .bss           0x00000000800007f0        0x0 build/start-virt.o
 .bss           0x00000000800007f0    0x10008 build/runtime_boot-virt.o
 .bss           0x00000000800107f8        0x0 build/uart_hello-virt.o
 *(COMMON)
                0x00000000800107f8                __bss_end = .
                0x0000000080010800                . = ALIGN (0x10)
                0x0000000080010800                __stack_bottom = .
                0x0000000080020800                . = (. + 0x10000)
                0x0000000080020800                __stack_top = .

/DISCARD/
 *(.note.GNU-stack)
 *(.comment)
LOAD build/start-virt.o
LOAD build/runtime_boot-virt.o
LOAD build/uart_hello-virt.o
OUTPUT(build/uart_hello-virt.elf elf64-littleriscv)

.riscv.attributes
                0x0000000000000000       0x57
 .riscv.attributes
                0x0000000000000000       0x55 build/start-virt.o
 .riscv.attributes
                0x0000000000000055       0x53 build/runtime_boot-virt.o
 .riscv.attributes
                0x00000000000000a8       0x51 build/uart_hello-virt.o
