
Discarded input sections

 .text          0x0000000000000000        0x0 build/start-th1520.o
 .data          0x0000000000000000        0x0 build/start-th1520.o
 .bss           0x0000000000000000        0x0 build/start-th1520.o
 .text          0x0000000000000000        0x0 build/runtime_boot-th1520.o
 .data          0x0000000000000000        0x0 build/runtime_boot-th1520.o
 .bss           0x0000000000000000        0x0 build/runtime_boot-th1520.o
 .text.frt_screen_demo_step
                0x0000000000000000       0x7c build/runtime_boot-th1520.o
 .text.frt_screen_demo_dirty_rect
                0x0000000000000000       0x5a build/runtime_boot-th1520.o
 .text.frt_screen_demo_draw_to.constprop.0
                0x0000000000000000       0x1e build/runtime_boot-th1520.o
 .text.frt_screen_demo_unpack
                0x0000000000000000       0x64 build/runtime_boot-th1520.o
 .text.frt_screen_demo_present_dirty
                0x0000000000000000       0xa2 build/runtime_boot-th1520.o
 .text.__calynda_rt_debug_word
                0x0000000000000000        0x2 build/runtime_boot-th1520.o
 .text.__calynda_rt_debug_pair
                0x0000000000000000        0x2 build/runtime_boot-th1520.o
 .text.__calynda_rt_debug_object
                0x0000000000000000        0x2 build/runtime_boot-th1520.o
 .text.__calynda_rt_cast_value
                0x0000000000000000       0xa8 build/runtime_boot-th1520.o
 .rodata.__calynda_rt_cast_value
                0x0000000000000000       0x2c build/runtime_boot-th1520.o
 .text.__calynda_rt_screen_demo_hold
                0x0000000000000000      0x110 build/runtime_boot-th1520.o
 .text.__calynda_rt_scratch_mark
                0x0000000000000000        0x2 build/runtime_boot-th1520.o
 .text.__calynda_rt_screen_clear_object
                0x0000000000000000       0x38 build/runtime_boot-th1520.o
 .text.__calynda_rt_member_load
                0x0000000000000000       0x8c build/runtime_boot-th1520.o
 .text.__calynda_rt_array_literal
                0x0000000000000000        0x8 build/runtime_boot-th1520.o
 .text.__calynda_rt_array_car
                0x0000000000000000       0x40 build/runtime_boot-th1520.o
 .text.__calynda_rt_array_cdr
                0x0000000000000000       0x60 build/runtime_boot-th1520.o
 .text.__calynda_rt_string_cdr
                0x0000000000000000       0x80 build/runtime_boot-th1520.o
 .text.__calynda_rt_store_index
                0x0000000000000000       0x6c build/runtime_boot-th1520.o
 .text.calynda_rt_callable_dispatch
                0x0000000000000000        0xe build/runtime_boot-th1520.o
 .text.__calynda_deref
                0x0000000000000000       0x24 build/runtime_boot-th1520.o
 .text.__calynda_deref_sized
                0x0000000000000000       0x2a build/runtime_boot-th1520.o
 .text.__calynda_mmio_deref
                0x0000000000000000        0x4 build/runtime_boot-th1520.o
 .text.__calynda_addr
                0x0000000000000000        0x2 build/runtime_boot-th1520.o
 .text.__calynda_offset
                0x0000000000000000        0x6 build/runtime_boot-th1520.o
 .text.__calynda_store
                0x0000000000000000       0x22 build/runtime_boot-th1520.o
 .text.__calynda_mmio_store
                0x0000000000000000        0x4 build/runtime_boot-th1520.o
 .text.__calynda_store_sized
                0x0000000000000000       0x28 build/runtime_boot-th1520.o
 .text.__calynda_rt_cache_clean
                0x0000000000000000        0x6 build/runtime_boot-th1520.o
 .text.__calynda_rt_cache_final
                0x0000000000000000        0x6 build/runtime_boot-th1520.o
 .comment       0x0000000000000000       0x20 build/runtime_boot-th1520.o
 .note.GNU-stack
                0x0000000000000000        0x0 build/runtime_boot-th1520.o
 .text          0x0000000000000000        0x0 build/uart_hello-th1520.o
 .bss           0x0000000000000000        0x0 build/uart_hello-th1520.o
 .text.calynda_unit_while_nlr0
                0x0000000000000000       0x6e build/uart_hello-th1520.o
 .text.calynda_unit_while_lambda1
                0x0000000000000000       0x24 build/uart_hello-th1520.o
 .text.calynda_unit_fb_in_bounds
                0x0000000000000000       0xb8 build/uart_hello-th1520.o
 .text.calynda_unit_fb_write_pixel
                0x0000000000000000       0x9e build/uart_hello-th1520.o
 .text.calynda_unit_fb_rect_span_lambda2
                0x0000000000000000       0x5c build/uart_hello-th1520.o
 .text.calynda_unit_fb_rect_span_nlr3
                0x0000000000000000       0xe6 build/uart_hello-th1520.o
 .text.calynda_unit_fb_rect_span
                0x0000000000000000       0x2a build/uart_hello-th1520.o
 .text.calynda_unit_fb_rect_lambda4
                0x0000000000000000       0x86 build/uart_hello-th1520.o
 .text.calynda_unit_fb_rect_nlr5
                0x0000000000000000      0x13e build/uart_hello-th1520.o
 .text.calynda_unit_thead_dcache_clean_range_lambda6
                0x0000000000000000       0x86 build/uart_hello-th1520.o
 .text.calynda_unit_thead_dcache_clean_range_nlr7
                0x0000000000000000       0xd6 build/uart_hello-th1520.o
 .text.calynda_unit_screen_make_rect
                0x0000000000000000       0xa4 build/uart_hello-th1520.o
 .text.calynda_unit_screen_text_width
                0x0000000000000000       0xc6 build/uart_hello-th1520.o
 .text.calynda_unit_screen_object_kind
                0x0000000000000000       0x68 build/uart_hello-th1520.o
 .text.calynda_unit_screen_object_x
                0x0000000000000000       0x68 build/uart_hello-th1520.o
 .text.calynda_unit_screen_object_y
                0x0000000000000000       0x68 build/uart_hello-th1520.o
 .text.calynda_unit_screen_object_width
                0x0000000000000000       0x68 build/uart_hello-th1520.o
 .text.calynda_unit_screen_object_height
                0x0000000000000000       0x68 build/uart_hello-th1520.o
 .text.calynda_unit_screen_object_vx
                0x0000000000000000       0x68 build/uart_hello-th1520.o
 .text.calynda_unit_screen_object_vy
                0x0000000000000000       0x68 build/uart_hello-th1520.o
 .text.calynda_unit_screen_object_color
                0x0000000000000000       0x68 build/uart_hello-th1520.o
 .text.calynda_unit_screen_object_with_state
                0x0000000000000000      0x1e6 build/uart_hello-th1520.o
 .text.calynda_unit_screen_object_set_velocity
                0x0000000000000000       0xb0 build/uart_hello-th1520.o
 .text.calynda_unit_screen_move_object
                0x0000000000000000      0x186 build/uart_hello-th1520.o
 .text.calynda_unit_screen_step_object
                0x0000000000000000       0xa0 build/uart_hello-th1520.o
 .text.calynda_unit_screen_clear_object
                0x0000000000000000       0x14 build/uart_hello-th1520.o
 .text.calynda_unit_fb_draw_char_top
                0x0000000000000000       0x6c build/uart_hello-th1520.o
 .text.calynda_unit_fb_draw_char_middle
                0x0000000000000000       0x7c build/uart_hello-th1520.o
 .text.calynda_unit_fb_draw_char_bottom
                0x0000000000000000       0x7c build/uart_hello-th1520.o
 .text.calynda_unit_fb_draw_char_left
                0x0000000000000000       0x6c build/uart_hello-th1520.o
 .text.calynda_unit_fb_draw_char_left_lower
                0x0000000000000000       0x7c build/uart_hello-th1520.o
 .text.calynda_unit_fb_draw_char_right
                0x0000000000000000       0x7c build/uart_hello-th1520.o
 .text.calynda_unit_fb_draw_char_right_upper
                0x0000000000000000       0x7c build/uart_hello-th1520.o
 .text.calynda_unit_fb_draw_char_right_lower
                0x0000000000000000       0x8c build/uart_hello-th1520.o
 .text.calynda_unit_fb_draw_char_center
                0x0000000000000000       0x7c build/uart_hello-th1520.o
 .text.calynda_unit_fb_draw_probe_letter_nlr8
                0x0000000000000000       0x94 build/uart_hello-th1520.o
 .text.calynda_unit_fb_draw_probe_letter_lambda9
                0x0000000000000000       0x24 build/uart_hello-th1520.o
 .text.calynda_unit_fb_draw_probe_letter_nlr10
                0x0000000000000000       0xa8 build/uart_hello-th1520.o
 .text.calynda_unit_fb_draw_probe_letter_lambda11
                0x0000000000000000       0x24 build/uart_hello-th1520.o
 .text.calynda_unit_fb_draw_probe_letter_nlr12
                0x0000000000000000       0x80 build/uart_hello-th1520.o
 .text.calynda_unit_fb_draw_probe_letter_lambda13
                0x0000000000000000       0x24 build/uart_hello-th1520.o
 .text.calynda_unit_fb_draw_probe_letter_nlr14
                0x0000000000000000       0x94 build/uart_hello-th1520.o
 .text.calynda_unit_fb_draw_probe_letter_lambda15
                0x0000000000000000       0x24 build/uart_hello-th1520.o
 .text.calynda_unit_fb_draw_probe_letter_nlr16
                0x0000000000000000       0x94 build/uart_hello-th1520.o
 .text.calynda_unit_fb_draw_probe_letter_lambda17
                0x0000000000000000       0x24 build/uart_hello-th1520.o
 .text.calynda_unit_fb_draw_probe_letter_nlr18
                0x0000000000000000       0x80 build/uart_hello-th1520.o
 .text.calynda_unit_fb_draw_probe_letter_lambda19
                0x0000000000000000       0x24 build/uart_hello-th1520.o
 .text.calynda_unit_fb_draw_probe_letter_nlr20
                0x0000000000000000       0xa8 build/uart_hello-th1520.o
 .text.calynda_unit_fb_draw_probe_letter_lambda21
                0x0000000000000000       0x24 build/uart_hello-th1520.o
 .text.calynda_unit_fb_draw_probe_letter_nlr22
                0x0000000000000000       0x80 build/uart_hello-th1520.o
 .text.calynda_unit_fb_draw_probe_letter_lambda23
                0x0000000000000000       0x24 build/uart_hello-th1520.o
 .text.calynda_unit_fb_draw_probe_letter
                0x0000000000000000      0xd8a build/uart_hello-th1520.o
 .text.calynda_unit_fb_draw_probe_digit_nlr24
                0x0000000000000000       0x94 build/uart_hello-th1520.o
 .text.calynda_unit_fb_draw_probe_digit_lambda25
                0x0000000000000000       0x24 build/uart_hello-th1520.o
 .text.calynda_unit_fb_draw_probe_digit_nlr26
                0x0000000000000000       0x6c build/uart_hello-th1520.o
 .text.calynda_unit_fb_draw_probe_digit_lambda27
                0x0000000000000000       0x24 build/uart_hello-th1520.o
 .text.calynda_unit_fb_draw_probe_digit_nlr28
                0x0000000000000000       0xa8 build/uart_hello-th1520.o
 .text.calynda_unit_fb_draw_probe_digit_lambda29
                0x0000000000000000       0x24 build/uart_hello-th1520.o
 .text.calynda_unit_fb_draw_probe_digit_nlr30
                0x0000000000000000       0x94 build/uart_hello-th1520.o
 .text.calynda_unit_fb_draw_probe_digit_lambda31
                0x0000000000000000       0x24 build/uart_hello-th1520.o
 .text.calynda_unit_fb_draw_probe_digit
                0x0000000000000000      0x6ca build/uart_hello-th1520.o
 .text.calynda_unit_fb_draw_row_markers_lambda32
                0x0000000000000000       0x86 build/uart_hello-th1520.o
 .text.calynda_unit_fb_draw_row_markers_nlr33
                0x0000000000000000      0x234 build/uart_hello-th1520.o
 .text.calynda_unit_fb_draw_col_markers_lambda34
                0x0000000000000000       0x86 build/uart_hello-th1520.o
 .text.calynda_unit_fb_draw_col_markers_nlr35
                0x0000000000000000      0x238 build/uart_hello-th1520.o
 .text.calynda_unit_forRange_lambda44
                0x0000000000000000       0x96 build/uart_hello-th1520.o
 .text.calynda_unit_forRange
                0x0000000000000000       0x40 build/uart_hello-th1520.o
 .text.calynda_unit_hdmi_program_identity_csc_lambda51_lambda52
                0x0000000000000000      0x2bc build/uart_hello-th1520.o
 .text.calynda_unit_hdmi_program_identity_csc_lambda51
                0x0000000000000000       0x76 build/uart_hello-th1520.o
 .text.calynda_unit_hdmi_clear_overflow_lambda53
                0x0000000000000000       0x96 build/uart_hello-th1520.o
 .text.calynda_unit_scratch_mark
                0x0000000000000000       0x14 build/uart_hello-th1520.o
 .text.calynda_unit_screen_demo_step_axis_nlr60
                0x0000000000000000       0x76 build/uart_hello-th1520.o
 .text.calynda_unit_screen_demo_step_axis_lambda61
                0x0000000000000000       0x24 build/uart_hello-th1520.o
 .text.calynda_unit_screen_demo_step_axis
                0x0000000000000000      0x5ba build/uart_hello-th1520.o
 .text.calynda_unit_screen_demo_step_bounds
                0x0000000000000000      0x1a2 build/uart_hello-th1520.o
 .text.calynda_unit_screen_demo_frame
                0x0000000000000000       0x96 build/uart_hello-th1520.o
 .text.calynda_unit_screen_demo_hold
                0x0000000000000000       0x14 build/uart_hello-th1520.o
 .text.calynda_unit_hdmi_screen_demo
                0x0000000000000000      0x41c build/uart_hello-th1520.o
 .text.calynda_unit_boot
                0x0000000000000000       0x48 build/uart_hello-th1520.o
 .text._start   0x0000000000000000       0x10 build/uart_hello-th1520.o
 .text.calynda_closure_while_nlr0
                0x0000000000000000       0x20 build/uart_hello-th1520.o
 .text.calynda_closure_while_lambda1
                0x0000000000000000       0x20 build/uart_hello-th1520.o
 .text.calynda_closure_fb_rect_span_lambda2
                0x0000000000000000       0x20 build/uart_hello-th1520.o
 .text.calynda_closure_fb_rect_span_nlr3
                0x0000000000000000       0x20 build/uart_hello-th1520.o
 .text.calynda_closure_fb_rect_lambda4
                0x0000000000000000       0x20 build/uart_hello-th1520.o
 .text.calynda_closure_fb_rect_nlr5
                0x0000000000000000       0x20 build/uart_hello-th1520.o
 .text.calynda_closure_thead_dcache_clean_range_lambda6
                0x0000000000000000       0x20 build/uart_hello-th1520.o
 .text.calynda_closure_thead_dcache_clean_range_nlr7
                0x0000000000000000       0x20 build/uart_hello-th1520.o
 .text.calynda_closure_fb_draw_probe_letter_nlr8
                0x0000000000000000       0x20 build/uart_hello-th1520.o
 .text.calynda_closure_fb_draw_probe_letter_lambda9
                0x0000000000000000       0x20 build/uart_hello-th1520.o
 .text.calynda_closure_fb_draw_probe_letter_nlr10
                0x0000000000000000       0x20 build/uart_hello-th1520.o
 .text.calynda_closure_fb_draw_probe_letter_lambda11
                0x0000000000000000       0x20 build/uart_hello-th1520.o
 .text.calynda_closure_fb_draw_probe_letter_nlr12
                0x0000000000000000       0x20 build/uart_hello-th1520.o
 .text.calynda_closure_fb_draw_probe_letter_lambda13
                0x0000000000000000       0x20 build/uart_hello-th1520.o
 .text.calynda_closure_fb_draw_probe_letter_nlr14
                0x0000000000000000       0x20 build/uart_hello-th1520.o
 .text.calynda_closure_fb_draw_probe_letter_lambda15
                0x0000000000000000       0x20 build/uart_hello-th1520.o
 .text.calynda_closure_fb_draw_probe_letter_nlr16
                0x0000000000000000       0x20 build/uart_hello-th1520.o
 .text.calynda_closure_fb_draw_probe_letter_lambda17
                0x0000000000000000       0x20 build/uart_hello-th1520.o
 .text.calynda_closure_fb_draw_probe_letter_nlr18
                0x0000000000000000       0x20 build/uart_hello-th1520.o
 .text.calynda_closure_fb_draw_probe_letter_lambda19
                0x0000000000000000       0x20 build/uart_hello-th1520.o
 .text.calynda_closure_fb_draw_probe_letter_nlr20
                0x0000000000000000       0x20 build/uart_hello-th1520.o
 .text.calynda_closure_fb_draw_probe_letter_lambda21
                0x0000000000000000       0x20 build/uart_hello-th1520.o
 .text.calynda_closure_fb_draw_probe_letter_nlr22
                0x0000000000000000       0x20 build/uart_hello-th1520.o
 .text.calynda_closure_fb_draw_probe_letter_lambda23
                0x0000000000000000       0x20 build/uart_hello-th1520.o
 .text.calynda_closure_fb_draw_probe_digit_nlr24
                0x0000000000000000       0x20 build/uart_hello-th1520.o
 .text.calynda_closure_fb_draw_probe_digit_lambda25
                0x0000000000000000       0x20 build/uart_hello-th1520.o
 .text.calynda_closure_fb_draw_probe_digit_nlr26
                0x0000000000000000       0x20 build/uart_hello-th1520.o
 .text.calynda_closure_fb_draw_probe_digit_lambda27
                0x0000000000000000       0x20 build/uart_hello-th1520.o
 .text.calynda_closure_fb_draw_probe_digit_nlr28
                0x0000000000000000       0x20 build/uart_hello-th1520.o
 .text.calynda_closure_fb_draw_probe_digit_lambda29
                0x0000000000000000       0x20 build/uart_hello-th1520.o
 .text.calynda_closure_fb_draw_probe_digit_nlr30
                0x0000000000000000       0x20 build/uart_hello-th1520.o
 .text.calynda_closure_fb_draw_probe_digit_lambda31
                0x0000000000000000       0x20 build/uart_hello-th1520.o
 .text.calynda_closure_fb_draw_row_markers_lambda32
                0x0000000000000000       0x20 build/uart_hello-th1520.o
 .text.calynda_closure_fb_draw_row_markers_nlr33
                0x0000000000000000       0x20 build/uart_hello-th1520.o
 .text.calynda_closure_fb_draw_col_markers_lambda34
                0x0000000000000000       0x20 build/uart_hello-th1520.o
 .text.calynda_closure_fb_draw_col_markers_nlr35
                0x0000000000000000       0x20 build/uart_hello-th1520.o
 .text.calynda_closure_forRange_lambda44
                0x0000000000000000       0x20 build/uart_hello-th1520.o
 .text.calynda_closure_hdmi_program_identity_csc_lambda51_lambda52
                0x0000000000000000       0x24 build/uart_hello-th1520.o
 .text.calynda_closure_hdmi_program_identity_csc_lambda51
                0x0000000000000000       0x24 build/uart_hello-th1520.o
 .text.calynda_closure_hdmi_clear_overflow_lambda53
                0x0000000000000000       0x24 build/uart_hello-th1520.o
 .text.calynda_closure_screen_demo_step_axis_nlr60
                0x0000000000000000       0x20 build/uart_hello-th1520.o
 .text.calynda_closure_screen_demo_step_axis_lambda61
                0x0000000000000000       0x20 build/uart_hello-th1520.o
 .note.GNU-stack
                0x0000000000000000        0x0 build/uart_hello-th1520.o

Memory Configuration

Name             Origin             Length             Attributes
ram              0x0000000004000000 0x0000000008000000 xrw
*default*        0x0000000000000000 0xffffffffffffffff

Linker script and memory map

                0x0000000004000000                . = ORIGIN (ram)

.text           0x0000000004000000     0xca0c
 *(.text.start)
 .text.start    0x0000000004000000       0xae build/start-th1520.o
                0x0000000004000000                _start_baremetal
                0x0000000004000076                __calynda_rt_boot_probe
 *(.text .text.*)
 .text.frt_as_object
                0x00000000040000ae       0x14 build/runtime_boot-th1520.o
 .text.frt_fb_rect_to
                0x00000000040000c2       0x30 build/runtime_boot-th1520.o
 .text.frt_array_count
                0x00000000040000f2       0x24 build/runtime_boot-th1520.o
 .text.frt_fail
                0x0000000004000116       0x2c build/runtime_boot-th1520.o
 .text.frt_require_string
                0x0000000004000142       0x18 build/runtime_boot-th1520.o
 .text.frt_alloc_bytes
                0x000000000400015a       0x4e build/runtime_boot-th1520.o
 .text.frt_copy_words
                0x00000000040001a8       0x38 build/runtime_boot-th1520.o
 .text.frt_new_array
                0x00000000040001e0       0x3c build/runtime_boot-th1520.o
 .text.frt_draw_glyph_to.constprop.0
                0x000000000400021c       0x88 build/runtime_boot-th1520.o
 .text.frt_array_elements
                0x00000000040002a4       0x24 build/runtime_boot-th1520.o
 .text.frt_screen_object_unpack
                0x00000000040002c8       0x6a build/runtime_boot-th1520.o
 .text.__calynda_rt_boot_probe_c
                0x0000000004000332       0x10 build/runtime_boot-th1520.o
                0x0000000004000332                __calynda_rt_boot_probe_c
 .text.__calynda_rt_cache_clean_range
                0x0000000004000342       0x1a build/runtime_boot-th1520.o
                0x0000000004000342                __calynda_rt_cache_clean_range
 .text.__calynda_rt_hdmi_program_identity_csc
                0x000000000400035c       0xa6 build/runtime_boot-th1520.o
                0x000000000400035c                __calynda_rt_hdmi_program_identity_csc
 .text.__calynda_rt_hdmi_clear_overflow
                0x0000000004000402       0x36 build/runtime_boot-th1520.o
                0x0000000004000402                __calynda_rt_hdmi_clear_overflow
 .text.__calynda_rt_screen_draw_object
                0x0000000004000438      0x138 build/runtime_boot-th1520.o
                0x0000000004000438                __calynda_rt_screen_draw_object
 .text.__calynda_rt_screen_make_text
                0x0000000004000570       0x60 build/runtime_boot-th1520.o
                0x0000000004000570                __calynda_rt_screen_make_text
 .text.__calynda_rt_fb_border
                0x00000000040005d0       0x8e build/runtime_boot-th1520.o
                0x00000000040005d0                __calynda_rt_fb_border
 .text.__calynda_rt_fb_draw_row_markers
                0x000000000400065e       0x4e build/runtime_boot-th1520.o
                0x000000000400065e                __calynda_rt_fb_draw_row_markers
 .text.__calynda_rt_fb_draw_col_markers
                0x00000000040006ac       0x4e build/runtime_boot-th1520.o
                0x00000000040006ac                __calynda_rt_fb_draw_col_markers
 .text.__calynda_rt_draw_probe_label
                0x00000000040006fa       0x6c build/runtime_boot-th1520.o
                0x00000000040006fa                __calynda_rt_draw_probe_label
 .text.__calynda_rt_index_load
                0x0000000004000766       0x52 build/runtime_boot-th1520.o
                0x0000000004000766                __calynda_rt_index_load
 .text.__calynda_rt_closure_new
                0x00000000040007b8       0x42 build/runtime_boot-th1520.o
                0x00000000040007b8                __calynda_rt_closure_new
 .text.__calynda_rt_call_callable
                0x00000000040007fa       0x2a build/runtime_boot-th1520.o
                0x00000000040007fa                __calynda_rt_call_callable
 .text.__calynda_rt_cell_alloc
                0x0000000004000824       0x18 build/runtime_boot-th1520.o
                0x0000000004000824                __calynda_rt_cell_alloc
 .text.__calynda_rt_cell_read
                0x000000000400083c        0x4 build/runtime_boot-th1520.o
                0x000000000400083c                __calynda_rt_cell_read
 .text.__calynda_rt_cell_write
                0x0000000004000840        0x6 build/runtime_boot-th1520.o
                0x0000000004000840                __calynda_rt_cell_write
 .text.__calynda_rt_nlr_push
                0x0000000004000846       0x38 build/runtime_boot-th1520.o
                0x0000000004000846                __calynda_rt_nlr_push
 .text.__calynda_rt_nlr_invoke
                0x000000000400087e        0xc build/runtime_boot-th1520.o
                0x000000000400087e                __calynda_rt_nlr_invoke
 .text.__calynda_rt_nlr_check_pop
                0x000000000400088a       0x28 build/runtime_boot-th1520.o
                0x000000000400088a                __calynda_rt_nlr_check_pop
 .text.__calynda_rt_nlr_get_value
                0x00000000040008b2        0xa build/runtime_boot-th1520.o
                0x00000000040008b2                __calynda_rt_nlr_get_value
 .text.__calynda_mmio_deref_sized
                0x00000000040008bc       0x66 build/runtime_boot-th1520.o
                0x00000000040008bc                __calynda_mmio_deref_sized
 .text.__calynda_offset_stride
                0x0000000004000922        0x8 build/runtime_boot-th1520.o
                0x0000000004000922                __calynda_offset_stride
 .text.__calynda_mmio_store_sized
                0x000000000400092a       0x60 build/runtime_boot-th1520.o
                0x000000000400092a                __calynda_mmio_store_sized
 .text.__calynda_rt_fence
                0x000000000400098a        0x6 build/runtime_boot-th1520.o
                0x000000000400098a                __calynda_rt_fence
 .text.calynda_unit_if
                0x0000000004000990       0x82 build/uart_hello-th1520.o
                0x0000000004000990                calynda_unit_if
 .text.calynda_unit_while
                0x0000000004000a12       0x2e build/uart_hello-th1520.o
                0x0000000004000a12                calynda_unit_while
 .text.calynda_unit_RGB
                0x0000000004000a40       0x52 build/uart_hello-th1520.o
                0x0000000004000a40                calynda_unit_RGB
 .text.calynda_unit_fb_rect
                0x0000000004000a92       0x34 build/uart_hello-th1520.o
                0x0000000004000a92                calynda_unit_fb_rect
 .text.calynda_unit_fb_fill
                0x0000000004000ac6       0x6c build/uart_hello-th1520.o
                0x0000000004000ac6                calynda_unit_fb_fill
 .text.calynda_unit_thead_dcache_clean_range
                0x0000000004000b32       0x10 build/uart_hello-th1520.o
                0x0000000004000b32                calynda_unit_thead_dcache_clean_range
 .text.calynda_unit_fb_border
                0x0000000004000b42       0x10 build/uart_hello-th1520.o
                0x0000000004000b42                calynda_unit_fb_border
 .text.calynda_unit_screen_make_text
                0x0000000004000b52        0xe build/uart_hello-th1520.o
                0x0000000004000b52                calynda_unit_screen_make_text
 .text.calynda_unit_screen_draw_object
                0x0000000004000b60       0x10 build/uart_hello-th1520.o
                0x0000000004000b60                calynda_unit_screen_draw_object
 .text.calynda_unit_fb_draw_probe_label
                0x0000000004000b70       0x10 build/uart_hello-th1520.o
                0x0000000004000b70                calynda_unit_fb_draw_probe_label
 .text.calynda_unit_fb_draw_row_markers
                0x0000000004000b80       0x10 build/uart_hello-th1520.o
                0x0000000004000b80                calynda_unit_fb_draw_row_markers
 .text.calynda_unit_fb_draw_col_markers
                0x0000000004000b90       0x10 build/uart_hello-th1520.o
                0x0000000004000b90                calynda_unit_fb_draw_col_markers
 .text.calynda_unit_fb_draw_probe_cell
                0x0000000004000ba0      0x4e8 build/uart_hello-th1520.o
                0x0000000004000ba0                calynda_unit_fb_draw_probe_cell
 .text.calynda_unit_fb_layout_probe_row_lambda36
                0x0000000004001088       0x58 build/uart_hello-th1520.o
                0x0000000004001088                calynda_unit_fb_layout_probe_row_lambda36
 .text.calynda_unit_fb_layout_probe_row_nlr37
                0x00000000040010e0       0xfa build/uart_hello-th1520.o
                0x00000000040010e0                calynda_unit_fb_layout_probe_row_nlr37
 .text.calynda_unit_fb_layout_probe_row
                0x00000000040011da      0x1d8 build/uart_hello-th1520.o
                0x00000000040011da                calynda_unit_fb_layout_probe_row
 .text.calynda_unit_fb_layout_probe_lambda38
                0x00000000040013b2       0x7e build/uart_hello-th1520.o
                0x00000000040013b2                calynda_unit_fb_layout_probe_lambda38
 .text.calynda_unit_fb_layout_probe_nlr39
                0x0000000004001430      0x234 build/uart_hello-th1520.o
                0x0000000004001430                calynda_unit_fb_layout_probe_nlr39
 .text.calynda_unit_fb_layout_probe
                0x0000000004001664      0x4d2 build/uart_hello-th1520.o
                0x0000000004001664                calynda_unit_fb_layout_probe
 .text.calynda_unit_delay_us
                0x0000000004001b36       0x16 build/uart_hello-th1520.o
                0x0000000004001b36                calynda_unit_delay_us
 .text.calynda_unit_dpu0_pll_configure_1080p60_lambda40
                0x0000000004001b4c      0x136 build/uart_hello-th1520.o
                0x0000000004001b4c                calynda_unit_dpu0_pll_configure_1080p60_lambda40
 .text.calynda_unit_dpu0_pll_configure_1080p60_nlr41
                0x0000000004001c82       0x9e build/uart_hello-th1520.o
                0x0000000004001c82                calynda_unit_dpu0_pll_configure_1080p60_nlr41
 .text.calynda_unit_dpu0_pll_configure_1080p60
                0x0000000004001d20      0xa9e build/uart_hello-th1520.o
                0x0000000004001d20                calynda_unit_dpu0_pll_configure_1080p60
 .text.calynda_unit_dpu1_pll_configure_1080p60_lambda42
                0x00000000040027be      0x136 build/uart_hello-th1520.o
                0x00000000040027be                calynda_unit_dpu1_pll_configure_1080p60_lambda42
 .text.calynda_unit_dpu1_pll_configure_1080p60_nlr43
                0x00000000040028f4       0x9e build/uart_hello-th1520.o
                0x00000000040028f4                calynda_unit_dpu1_pll_configure_1080p60_nlr43
 .text.calynda_unit_dpu1_pll_configure_1080p60
                0x0000000004002992      0xa9e build/uart_hello-th1520.o
                0x0000000004002992                calynda_unit_dpu1_pll_configure_1080p60
 .text.calynda_unit_vosys_clk_enable
                0x0000000004003430      0x9b4 build/uart_hello-th1520.o
                0x0000000004003430                calynda_unit_vosys_clk_enable
 .text.calynda_unit_hdmi_phy_i2cm_write_once_lambda45
                0x0000000004003de4       0xb2 build/uart_hello-th1520.o
                0x0000000004003de4                calynda_unit_hdmi_phy_i2cm_write_once_lambda45
 .text.calynda_unit_hdmi_phy_i2cm_write_once_nlr46_nlr47
                0x0000000004003e96      0x198 build/uart_hello-th1520.o
                0x0000000004003e96                calynda_unit_hdmi_phy_i2cm_write_once_nlr46_nlr47
 .text.calynda_unit_hdmi_phy_i2cm_write_once_nlr46_lambda48
                0x000000000400402e       0x66 build/uart_hello-th1520.o
                0x000000000400402e                calynda_unit_hdmi_phy_i2cm_write_once_nlr46_lambda48
 .text.calynda_unit_hdmi_phy_i2cm_write_once_nlr46
                0x0000000004004094      0x390 build/uart_hello-th1520.o
                0x0000000004004094                calynda_unit_hdmi_phy_i2cm_write_once_nlr46
 .text.calynda_unit_hdmi_phy_i2cm_write_once
                0x0000000004004424      0x6f2 build/uart_hello-th1520.o
                0x0000000004004424                calynda_unit_hdmi_phy_i2cm_write_once
 .text.calynda_unit_hdmi_phy_i2cm_write_attempt_nlr49
                0x0000000004004b16       0x58 build/uart_hello-th1520.o
                0x0000000004004b16                calynda_unit_hdmi_phy_i2cm_write_attempt_nlr49
 .text.calynda_unit_hdmi_phy_i2cm_write_attempt_lambda50
                0x0000000004004b6e       0x24 build/uart_hello-th1520.o
                0x0000000004004b6e                calynda_unit_hdmi_phy_i2cm_write_attempt_lambda50
 .text.calynda_unit_hdmi_phy_i2cm_write_attempt
                0x0000000004004b92      0x332 build/uart_hello-th1520.o
                0x0000000004004b92                calynda_unit_hdmi_phy_i2cm_write_attempt
 .text.calynda_unit_hdmi_phy_i2cm_write
                0x0000000004004ec4       0x46 build/uart_hello-th1520.o
                0x0000000004004ec4                calynda_unit_hdmi_phy_i2cm_write
 .text.calynda_unit_hdmi_program_identity_csc
                0x0000000004004f0a       0x10 build/uart_hello-th1520.o
                0x0000000004004f0a                calynda_unit_hdmi_program_identity_csc
 .text.calynda_unit_hdmi_clear_overflow
                0x0000000004004f1a       0x10 build/uart_hello-th1520.o
                0x0000000004004f1a                calynda_unit_hdmi_clear_overflow
 .text.calynda_unit_hdmi_program_hdcp_video_polarity
                0x0000000004004f2a      0x12a build/uart_hello-th1520.o
                0x0000000004004f2a                calynda_unit_hdmi_program_hdcp_video_polarity
 .text.calynda_unit_hdmi_program_video_path
                0x0000000004005054     0x157c build/uart_hello-th1520.o
                0x0000000004005054                calynda_unit_hdmi_program_video_path
 .text.calynda_unit_hdmi_seed_phy_window
                0x00000000040065d0      0x846 build/uart_hello-th1520.o
                0x00000000040065d0                calynda_unit_hdmi_seed_phy_window
 .text.calynda_unit_hdmi_program_video_path_final
                0x0000000004006e16     0x158e build/uart_hello-th1520.o
                0x0000000004006e16                calynda_unit_hdmi_program_video_path_final
 .text.calynda_unit_dw_hdmi_init_lambda54
                0x00000000040083a4      0x118 build/uart_hello-th1520.o
                0x00000000040083a4                calynda_unit_dw_hdmi_init_lambda54
 .text.calynda_unit_dw_hdmi_init_nlr55
                0x00000000040084bc       0xa0 build/uart_hello-th1520.o
                0x00000000040084bc                calynda_unit_dw_hdmi_init_nlr55
 .text.calynda_unit_dw_hdmi_init_nlr56
                0x000000000400855c      0x9dc build/uart_hello-th1520.o
                0x000000000400855c                calynda_unit_dw_hdmi_init_nlr56
 .text.calynda_unit_dw_hdmi_init_lambda57
                0x0000000004008f38       0x24 build/uart_hello-th1520.o
                0x0000000004008f38                calynda_unit_dw_hdmi_init_lambda57
 .text.calynda_unit_dw_hdmi_init_lambda58
                0x0000000004008f5c      0x118 build/uart_hello-th1520.o
                0x0000000004008f5c                calynda_unit_dw_hdmi_init_lambda58
 .text.calynda_unit_dw_hdmi_init_nlr59
                0x0000000004009074       0xa0 build/uart_hello-th1520.o
                0x0000000004009074                calynda_unit_dw_hdmi_init_nlr59
 .text.calynda_unit_dw_hdmi_init
                0x0000000004009114     0x1942 build/uart_hello-th1520.o
                0x0000000004009114                calynda_unit_dw_hdmi_init
 .text.calynda_unit_dc8200_init
                0x000000000400aa56     0x171e build/uart_hello-th1520.o
                0x000000000400aa56                calynda_unit_dc8200_init
 .text.calynda_unit_hold_scanout
                0x000000000400c174        0x4 build/uart_hello-th1520.o
                0x000000000400c174                calynda_unit_hold_scanout
 .text.calynda_unit_hdmi_hello_world
                0x000000000400c178      0x4a0 build/uart_hello-th1520.o
                0x000000000400c178                calynda_unit_hdmi_hello_world
 .text.calynda_unit_run
                0x000000000400c618       0x34 build/uart_hello-th1520.o
                0x000000000400c618                calynda_unit_run
 .text.calynda_unit___mir_module_init
                0x000000000400c64c      0x190 build/uart_hello-th1520.o
                0x000000000400c64c                calynda_unit___mir_module_init
 .text.calynda_closure_fb_layout_probe_row_lambda36
                0x000000000400c7dc       0x1c build/uart_hello-th1520.o
                0x000000000400c7dc                calynda_closure_fb_layout_probe_row_lambda36
 .text.calynda_closure_fb_layout_probe_row_nlr37
                0x000000000400c7f8       0x1c build/uart_hello-th1520.o
                0x000000000400c7f8                calynda_closure_fb_layout_probe_row_nlr37
 .text.calynda_closure_fb_layout_probe_lambda38
                0x000000000400c814       0x1c build/uart_hello-th1520.o
                0x000000000400c814                calynda_closure_fb_layout_probe_lambda38
 .text.calynda_closure_fb_layout_probe_nlr39
                0x000000000400c830       0x1c build/uart_hello-th1520.o
                0x000000000400c830                calynda_closure_fb_layout_probe_nlr39
 .text.calynda_closure_dpu0_pll_configure_1080p60_lambda40
                0x000000000400c84c       0x1c build/uart_hello-th1520.o
                0x000000000400c84c                calynda_closure_dpu0_pll_configure_1080p60_lambda40
 .text.calynda_closure_dpu0_pll_configure_1080p60_nlr41
                0x000000000400c868       0x1c build/uart_hello-th1520.o
                0x000000000400c868                calynda_closure_dpu0_pll_configure_1080p60_nlr41
 .text.calynda_closure_dpu1_pll_configure_1080p60_lambda42
                0x000000000400c884       0x1c build/uart_hello-th1520.o
                0x000000000400c884                calynda_closure_dpu1_pll_configure_1080p60_lambda42
 .text.calynda_closure_dpu1_pll_configure_1080p60_nlr43
                0x000000000400c8a0       0x1c build/uart_hello-th1520.o
                0x000000000400c8a0                calynda_closure_dpu1_pll_configure_1080p60_nlr43
 .text.calynda_closure_hdmi_phy_i2cm_write_once_lambda45
                0x000000000400c8bc       0x1c build/uart_hello-th1520.o
                0x000000000400c8bc                calynda_closure_hdmi_phy_i2cm_write_once_lambda45
 .text.calynda_closure_hdmi_phy_i2cm_write_once_nlr46_nlr47
                0x000000000400c8d8       0x1c build/uart_hello-th1520.o
                0x000000000400c8d8                calynda_closure_hdmi_phy_i2cm_write_once_nlr46_nlr47
 .text.calynda_closure_hdmi_phy_i2cm_write_once_nlr46_lambda48
                0x000000000400c8f4       0x1c build/uart_hello-th1520.o
                0x000000000400c8f4                calynda_closure_hdmi_phy_i2cm_write_once_nlr46_lambda48
 .text.calynda_closure_hdmi_phy_i2cm_write_once_nlr46
                0x000000000400c910       0x1c build/uart_hello-th1520.o
                0x000000000400c910                calynda_closure_hdmi_phy_i2cm_write_once_nlr46
 .text.calynda_closure_hdmi_phy_i2cm_write_attempt_nlr49
                0x000000000400c92c       0x1c build/uart_hello-th1520.o
                0x000000000400c92c                calynda_closure_hdmi_phy_i2cm_write_attempt_nlr49
 .text.calynda_closure_hdmi_phy_i2cm_write_attempt_lambda50
                0x000000000400c948       0x1c build/uart_hello-th1520.o
                0x000000000400c948                calynda_closure_hdmi_phy_i2cm_write_attempt_lambda50
 .text.calynda_closure_dw_hdmi_init_lambda54
                0x000000000400c964       0x1c build/uart_hello-th1520.o
                0x000000000400c964                calynda_closure_dw_hdmi_init_lambda54
 .text.calynda_closure_dw_hdmi_init_nlr55
                0x000000000400c980       0x1c build/uart_hello-th1520.o
                0x000000000400c980                calynda_closure_dw_hdmi_init_nlr55
 .text.calynda_closure_dw_hdmi_init_nlr56
                0x000000000400c99c       0x1c build/uart_hello-th1520.o
                0x000000000400c99c                calynda_closure_dw_hdmi_init_nlr56
 .text.calynda_closure_dw_hdmi_init_lambda57
                0x000000000400c9b8       0x1c build/uart_hello-th1520.o
                0x000000000400c9b8                calynda_closure_dw_hdmi_init_lambda57
 .text.calynda_closure_dw_hdmi_init_lambda58
                0x000000000400c9d4       0x1c build/uart_hello-th1520.o
                0x000000000400c9d4                calynda_closure_dw_hdmi_init_lambda58
 .text.calynda_closure_dw_hdmi_init_nlr59
                0x000000000400c9f0       0x1c build/uart_hello-th1520.o
                0x000000000400c9f0                calynda_closure_dw_hdmi_init_nlr59

.rodata         0x000000000400ca10      0x540
 *(.rodata .rodata.*)
 .rodata.CSWTCH.69
                0x000000000400ca10      0x200 build/runtime_boot-th1520.o
 .rodata.DIGITS.0
                0x000000000400cc10       0x1c build/runtime_boot-th1520.o
 *fill*         0x000000000400cc2c        0x4 
 .rodata.LETTERS.1
                0x000000000400cc30       0x38 build/runtime_boot-th1520.o
 .rodata.DIGITS.15
                0x000000000400cc68       0x46 build/runtime_boot-th1520.o
 *fill*         0x000000000400ccae        0x2 
 .rodata.LETTERS.16
                0x000000000400ccb0       0xb6 build/runtime_boot-th1520.o
 *fill*         0x000000000400cd66        0x2 
 .rodata.csc.19
                0x000000000400cd68       0x18 build/runtime_boot-th1520.o
 .rodata        0x000000000400cd80      0x1d0 build/uart_hello-th1520.o

.srodata.QUESTION.2
                0x000000000400cf50        0x7
 .srodata.QUESTION.2
                0x000000000400cf50        0x7 build/runtime_boot-th1520.o

.srodata.UNDERSCORE.3
                0x000000000400cf58        0x7
 .srodata.UNDERSCORE.3
                0x000000000400cf58        0x7 build/runtime_boot-th1520.o

.srodata.RPAREN.4
                0x000000000400cf60        0x7
 .srodata.RPAREN.4
                0x000000000400cf60        0x7 build/runtime_boot-th1520.o

.srodata.LPAREN.5
                0x000000000400cf68        0x7
 .srodata.LPAREN.5
                0x000000000400cf68        0x7 build/runtime_boot-th1520.o

.srodata.SLASH.6
                0x000000000400cf70        0x7
 .srodata.SLASH.6
                0x000000000400cf70        0x7 build/runtime_boot-th1520.o

.srodata.PLUS.7
                0x000000000400cf78        0x7
 .srodata.PLUS.7
                0x000000000400cf78        0x7 build/runtime_boot-th1520.o

.srodata.DASH.8
                0x000000000400cf80        0x7
 .srodata.DASH.8
                0x000000000400cf80        0x7 build/runtime_boot-th1520.o

.srodata.SEMICOLON.9
                0x000000000400cf88        0x7
 .srodata.SEMICOLON.9
                0x000000000400cf88        0x7 build/runtime_boot-th1520.o

.srodata.COLON.10
                0x000000000400cf90        0x7
 .srodata.COLON.10
                0x000000000400cf90        0x7 build/runtime_boot-th1520.o

.srodata.COMMA.11
                0x000000000400cf98        0x7
 .srodata.COMMA.11
                0x000000000400cf98        0x7 build/runtime_boot-th1520.o

.srodata.PERIOD.12
                0x000000000400cfa0        0x7
 .srodata.PERIOD.12
                0x000000000400cfa0        0x7 build/runtime_boot-th1520.o

.srodata.EXCLAMATION.13
                0x000000000400cfa8        0x7
 .srodata.EXCLAMATION.13
                0x000000000400cfa8        0x7 build/runtime_boot-th1520.o

.srodata.SPACE.14
                0x000000000400cfb0        0x7
 .srodata.SPACE.14
                0x000000000400cfb0        0x7 build/runtime_boot-th1520.o

.srodata.lsb_base.17
                0x000000000400cfb8        0x6
 .srodata.lsb_base.17
                0x000000000400cfb8        0x6 build/runtime_boot-th1520.o

.srodata.msb_base.18
                0x000000000400cfc0        0x6
 .srodata.msb_base.18
                0x000000000400cfc0        0x6 build/runtime_boot-th1520.o

.srodata.cst8   0x000000000400cfc8       0x20
 .srodata.cst8  0x000000000400cfc8       0x20 build/runtime_boot-th1520.o

.rela.dyn       0x000000000400cfe8        0x0
 .rela.text.start
                0x000000000400cfe8        0x0 build/start-th1520.o

.data           0x000000000400cff0      0x12b
 *(.data .data.*)
 .data          0x000000000400cff0      0x12b build/uart_hello-th1520.o
                0x000000000400d04b                calynda_global_PROBE_COLS
                0x000000000400d053                calynda_global_HDMI_IDENTITY_CSC
                0x000000000400d05b                calynda_global_HDMI_CSC_MSB_BASE
                0x000000000400d063                calynda_global_HDMI_CSC_LSB_BASE
                0x000000000400d06b                calynda_global_FB_WIDTH
                0x000000000400d073                calynda_global_FB_HEIGHT
                0x000000000400d07b                calynda_global_THEAD_CMO_STRIDE
                0x000000000400d083                calynda_global_SCREEN_OBJECT_KIND_RECT
                0x000000000400d08b                calynda_global_SCREEN_TEXT_CHAR_ADVANCE
                0x000000000400d093                calynda_global_SCREEN_TEXT_HEIGHT
                0x000000000400d09b                calynda_global_hdmi_diag0
                0x000000000400d0a3                calynda_global_hdmi_diag1
                0x000000000400d0ab                calynda_global_hdmi_diag2
                0x000000000400d0b3                calynda_global_HDMI_PLL_SETTLE_DELAY_US
                0x000000000400d0bb                calynda_global_HDMI_POST_PHY_SETTLE_DELAY_US
                0x000000000400d0c3                calynda_global_HDMI_POST_SCANOUT_ENABLE_DELAY_US
                0x000000000400d0cb                calynda_global_FB_PHYS_ADDR
                0x000000000400d0d3                calynda_global_FB_PHYS
                0x000000000400d0db                calynda_global_FB_STRIDE_BYTES
                0x000000000400d0e3                calynda_global_FB_SIZE_BYTES
                0x000000000400d0eb                calynda_global_SCREEN_OBJECT_KIND_TEXT
                0x000000000400d0f3                calynda_global_AP_CLKGEN_BASE
                0x000000000400d0fb                calynda_global_VOSYS_CLK_GATE_BASE
                0x000000000400d103                calynda_global_HDMI_TX_BASE
                0x000000000400d10b                calynda_global_I2CM_ATTEMPTS
                0x000000000400d113                calynda_global_I2CM_RETRY_DELAY_US

.sdata.BOOT_NLR_DEPTH
                0x000000000400d11c        0x4
 .sdata.BOOT_NLR_DEPTH
                0x000000000400d11c        0x4 build/runtime_boot-th1520.o

.bss            0x000000000400d120    0x10400
                0x000000000400d120                __bss_start = .
 *(.bss .bss.*)
 .bss.BOOT_NLR_SLOTS
                0x000000000400d120      0x400 build/runtime_boot-th1520.o
 .bss.BOOT_HEAP
                0x000000000400d520    0x10000 build/runtime_boot-th1520.o
 *(COMMON)
                0x000000000401d520                __bss_end = .

.sbss.BOOT_HEAP_USED
                0x000000000401d520        0x8
 .sbss.BOOT_HEAP_USED
                0x000000000401d520        0x8 build/runtime_boot-th1520.o
                0x000000000401d530                . = ALIGN (0x10)
                0x000000000401d530                __stack_bottom = .
                0x000000000402d530                . = (. + 0x10000)
                0x000000000402d530                __stack_top = .

/DISCARD/
 *(.note.GNU-stack)
 *(.comment)
LOAD build/start-th1520.o
LOAD build/runtime_boot-th1520.o
LOAD build/uart_hello-th1520.o
OUTPUT(build/uart_hello-th1520.elf elf64-littleriscv)

.riscv.attributes
                0x0000000000000000       0x57
 .riscv.attributes
                0x0000000000000000       0x55 build/start-th1520.o
 .riscv.attributes
                0x0000000000000055       0x53 build/runtime_boot-th1520.o
 .riscv.attributes
                0x00000000000000a8       0x51 build/uart_hello-th1520.o
