
Discarded input sections

 .comment       0x0000000000000000       0x20 build/calynda_rt_min.o
 .note.GNU-stack
                0x0000000000000000        0x0 build/calynda_rt_min.o
 .note.GNU-stack
                0x0000000000000000        0x0 build/uart_hello.o

Memory Configuration

Name             Origin             Length             Attributes
ram              0x0000000080000000 0x0000000008000000 xrw
*default*        0x0000000000000000 0xffffffffffffffff

Linker script and memory map

                0x0000000080000000                . = ORIGIN (ram)

.note.gnu.build-id
                0x0000000080000000       0x24
 .note.gnu.build-id
                0x0000000080000000       0x24 build/start.o

.text           0x0000000080000030      0x2f8
 *(.text.start)
 .text.start    0x0000000080000030       0x18 build/start.o
                0x0000000080000030                _start_baremetal
 *(.text .text.*)
 .text          0x0000000080000048        0x0 build/start.o
 .text          0x0000000080000048       0xba build/calynda_rt_min.o
                0x0000000080000048                __calynda_rt_member_load
                0x0000000080000064                __calynda_rt_index_load
                0x000000008000008a                __calynda_store_sized
 .text          0x0000000080000102      0x226 build/uart_hello.o
                0x0000000080000102                calynda_unit_uart_putc
                0x000000008000010e                calynda_unit_uart_emit_and_step
                0x00000000800001d2                calynda_unit_uart_print_at
                0x000000008000026e                calynda_unit_uart_print
                0x00000000800002ac                calynda_unit_run
                0x00000000800002e8                calynda_unit_boot
                0x000000008000031c                _start

.rodata         0x0000000080000330        0x7
 *(.rodata .rodata.*)
 .rodata        0x0000000080000330        0x7 build/uart_hello.o

.rela.dyn       0x0000000080000338        0x0
 .rela.text.start
                0x0000000080000338        0x0 build/start.o

.data           0x0000000080000340       0x24
 *(.data .data.*)
 .data          0x0000000080000340        0x0 build/start.o
 .data          0x0000000080000340        0x0 build/calynda_rt_min.o
 .data          0x0000000080000340       0x24 build/uart_hello.o

.bss            0x0000000080000370        0x0
                0x0000000080000370                __bss_start = .
 *(.bss .bss.*)
 .bss           0x0000000080000370        0x0 build/start.o
 .bss           0x0000000080000370        0x0 build/calynda_rt_min.o
 .bss           0x0000000080000370        0x0 build/uart_hello.o
 *(COMMON)
                0x0000000080000370                __bss_end = .
                0x0000000080000370                . = ALIGN (0x10)
                0x0000000080000370                __stack_bottom = .
                0x0000000080010370                . = (. + 0x10000)
                0x0000000080010370                __stack_top = .

/DISCARD/
 *(.note.GNU-stack)
 *(.comment)
LOAD build/start.o
LOAD build/calynda_rt_min.o
LOAD build/uart_hello.o
OUTPUT(build/uart_hello.elf elf64-littleriscv)

.riscv.attributes
                0x0000000000000000       0x57
 .riscv.attributes
                0x0000000000000000       0x55 build/start.o
 .riscv.attributes
                0x0000000000000055       0x53 build/calynda_rt_min.o
 .riscv.attributes
                0x00000000000000a8       0x51 build/uart_hello.o
